Archive member included to satisfy reference by file (symbol)

c:/bearpi/developtools/gnu tools arm embedded/7 2018-q2-update/bin/../lib/gcc/arm-none-eabi/7.3.1/../../../../arm-none-eabi/lib/thumb/v7e-m/fpv4-sp/hard\libc_nano.a(lib_a-exit.o)
                              c:/bearpi/developtools/gnu tools arm embedded/7 2018-q2-update/bin/../lib/gcc/arm-none-eabi/7.3.1/../../../../arm-none-eabi/lib/thumb/v7e-m/fpv4-sp/hard/crt0.o (exit)
c:/bearpi/developtools/gnu tools arm embedded/7 2018-q2-update/bin/../lib/gcc/arm-none-eabi/7.3.1/../../../../arm-none-eabi/lib/thumb/v7e-m/fpv4-sp/hard\libc_nano.a(lib_a-fflush.o)
                              build/iot_link/os/osal/osal.o (fflush)
c:/bearpi/developtools/gnu tools arm embedded/7 2018-q2-update/bin/../lib/gcc/arm-none-eabi/7.3.1/../../../../arm-none-eabi/lib/thumb/v7e-m/fpv4-sp/hard\libc_nano.a(lib_a-findfp.o)
                              c:/bearpi/developtools/gnu tools arm embedded/7 2018-q2-update/bin/../lib/gcc/arm-none-eabi/7.3.1/../../../../arm-none-eabi/lib/thumb/v7e-m/fpv4-sp/hard\libc_nano.a(lib_a-fflush.o) (__sinit)
c:/bearpi/developtools/gnu tools arm embedded/7 2018-q2-update/bin/../lib/gcc/arm-none-eabi/7.3.1/../../../../arm-none-eabi/lib/thumb/v7e-m/fpv4-sp/hard\libc_nano.a(lib_a-fwalk.o)
                              c:/bearpi/developtools/gnu tools arm embedded/7 2018-q2-update/bin/../lib/gcc/arm-none-eabi/7.3.1/../../../../arm-none-eabi/lib/thumb/v7e-m/fpv4-sp/hard\libc_nano.a(lib_a-findfp.o) (_fwalk)
c:/bearpi/developtools/gnu tools arm embedded/7 2018-q2-update/bin/../lib/gcc/arm-none-eabi/7.3.1/../../../../arm-none-eabi/lib/thumb/v7e-m/fpv4-sp/hard\libc_nano.a(lib_a-getchar.o)
                              build/iot_link/shell/shell_main.o (getchar)
c:/bearpi/developtools/gnu tools arm embedded/7 2018-q2-update/bin/../lib/gcc/arm-none-eabi/7.3.1/../../../../arm-none-eabi/lib/thumb/v7e-m/fpv4-sp/hard\libc_nano.a(lib_a-impure.o)
                              c:/bearpi/developtools/gnu tools arm embedded/7 2018-q2-update/bin/../lib/gcc/arm-none-eabi/7.3.1/../../../../arm-none-eabi/lib/thumb/v7e-m/fpv4-sp/hard\libc_nano.a(lib_a-exit.o) (_global_impure_ptr)
c:/bearpi/developtools/gnu tools arm embedded/7 2018-q2-update/bin/../lib/gcc/arm-none-eabi/7.3.1/../../../../arm-none-eabi/lib/thumb/v7e-m/fpv4-sp/hard\libc_nano.a(lib_a-init.o)
                              c:/bearpi/developtools/gnu tools arm embedded/7 2018-q2-update/bin/../lib/gcc/arm-none-eabi/7.3.1/../../../../arm-none-eabi/lib/thumb/v7e-m/fpv4-sp/hard/crt0.o (__libc_init_array)
c:/bearpi/developtools/gnu tools arm embedded/7 2018-q2-update/bin/../lib/gcc/arm-none-eabi/7.3.1/../../../../arm-none-eabi/lib/thumb/v7e-m/fpv4-sp/hard\libc_nano.a(lib_a-locale.o)
                              build/iot_link/cJSON/cJSON.o (__locale_ctype_ptr)
c:/bearpi/developtools/gnu tools arm embedded/7 2018-q2-update/bin/../lib/gcc/arm-none-eabi/7.3.1/../../../../arm-none-eabi/lib/thumb/v7e-m/fpv4-sp/hard\libc_nano.a(lib_a-mbtowc_r.o)
                              c:/bearpi/developtools/gnu tools arm embedded/7 2018-q2-update/bin/../lib/gcc/arm-none-eabi/7.3.1/../../../../arm-none-eabi/lib/thumb/v7e-m/fpv4-sp/hard\libc_nano.a(lib_a-locale.o) (__ascii_mbtowc)
c:/bearpi/developtools/gnu tools arm embedded/7 2018-q2-update/bin/../lib/gcc/arm-none-eabi/7.3.1/../../../../arm-none-eabi/lib/thumb/v7e-m/fpv4-sp/hard\libc_nano.a(lib_a-memcmp.o)
                              build/iot_link/at/at.o (memcmp)
c:/bearpi/developtools/gnu tools arm embedded/7 2018-q2-update/bin/../lib/gcc/arm-none-eabi/7.3.1/../../../../arm-none-eabi/lib/thumb/v7e-m/fpv4-sp/hard\libc_nano.a(lib_a-memcpy-stub.o)
                              build/iot_link/link_misc/link_string.o (memcpy)
c:/bearpi/developtools/gnu tools arm embedded/7 2018-q2-update/bin/../lib/gcc/arm-none-eabi/7.3.1/../../../../arm-none-eabi/lib/thumb/v7e-m/fpv4-sp/hard\libc_nano.a(lib_a-memset.o)
                              c:/bearpi/developtools/gnu tools arm embedded/7 2018-q2-update/bin/../lib/gcc/arm-none-eabi/7.3.1/../../../../arm-none-eabi/lib/thumb/v7e-m/fpv4-sp/hard/crt0.o (memset)
c:/bearpi/developtools/gnu tools arm embedded/7 2018-q2-update/bin/../lib/gcc/arm-none-eabi/7.3.1/../../../../arm-none-eabi/lib/thumb/v7e-m/fpv4-sp/hard\libc_nano.a(lib_a-nano-vfprintf_float.o)
                              (_printf_float)
c:/bearpi/developtools/gnu tools arm embedded/7 2018-q2-update/bin/../lib/gcc/arm-none-eabi/7.3.1/../../../../arm-none-eabi/lib/thumb/v7e-m/fpv4-sp/hard\libc_nano.a(lib_a-nano-vfprintf_i.o)
                              c:/bearpi/developtools/gnu tools arm embedded/7 2018-q2-update/bin/../lib/gcc/arm-none-eabi/7.3.1/../../../../arm-none-eabi/lib/thumb/v7e-m/fpv4-sp/hard\libc_nano.a(lib_a-nano-vfprintf_float.o) (_printf_common)
c:/bearpi/developtools/gnu tools arm embedded/7 2018-q2-update/bin/../lib/gcc/arm-none-eabi/7.3.1/../../../../arm-none-eabi/lib/thumb/v7e-m/fpv4-sp/hard\libc_nano.a(lib_a-printf.o)
[...]
Memory Configuration

Name             Origin             Length             Attributes
RAM              0x20000000         0x00010000         xrw
FLASH            0x08000000         0x00040000         xr
*default*        0x00000000         0xffffffff

Linker script and memory map

LOAD c:/bearpi/developtools/gnu tools arm embedded/7 2018-q2-update/bin/../lib/gcc/arm-none-eabi/7.3.1/thumb/v7e-m/fpv4-sp/hard/crti.o
LOAD c:/bearpi/developtools/gnu tools arm embedded/7 2018-q2-update/bin/../lib/gcc/arm-none-eabi/7.3.1/thumb/v7e-m/fpv4-sp/hard/crtbegin.o
LOAD c:/bearpi/developtools/gnu tools arm embedded/7 2018-q2-update/bin/../lib/gcc/arm-none-eabi/7.3.1/../../../../arm-none-eabi/lib/thumb/v7e-m/fpv4-sp/hard/crt0.o
LOAD build/iot_link/link_misc/link_string.o
LOAD build/iot_link/link_misc/link_random.o
LOAD build/iot_link/link_misc/link_ring_buffer.o
LOAD build/iot_link/link_log/link_log.o
LOAD build/iot_link/os/osal/osal.o
LOAD build/iot_link/os/liteos/arch/arm/arm-m/armv7-m/los_exc.o
LOAD build/iot_link/os/liteos/arch/arm/arm-m/armv7-m/gcc/los_dispatch.o
LOAD build/iot_link/os/liteos/arch/arm/arm-m/src/los_hw_tick.o
LOAD build/iot_link/os/liteos/arch/arm/arm-m/src/los_hwi.o
LOAD build/iot_link/os/liteos/arch/arm/arm-m/src/los_svc.o
LOAD build/iot_link/os/liteos/arch/arm/arm-m/src/los_mpu.o
LOAD build/iot_link/os/liteos/arch/arm/arm-m/src/los_hw.o
LOAD build/iot_link/os/liteos/cmsis/cmsis_liteos.o
LOAD build/iot_link/os/liteos/utils/rbtree.o
LOAD build/iot_link/os/liteos/liteos_errno.o
LOAD build/iot_link/os/liteos/newlib_stub.o
LOAD build/iot_link/os/liteos/liteos_imp.o
LOAD build/iot_link/os/liteos/malloc.o
LOAD build/iot_link/os/liteos/los_init.o
LOAD build/iot_link/os/liteos/base/core/los_tick.o
LOAD build/iot_link/os/liteos/base/core/los_sys.o
LOAD build/iot_link/os/liteos/base/core/los_timeslice.o
LOAD build/iot_link/os/liteos/base/core/los_task.o
LOAD build/iot_link/os/liteos/base/core/los_priqueue.o
LOAD build/iot_link/os/liteos/base/core/los_swtmr.o
LOAD build/iot_link/os/liteos/base/ipc/los_queue.o
LOAD build/iot_link/os/liteos/base/ipc/los_event.o
LOAD build/iot_link/os/liteos/base/ipc/los_sem.o
LOAD build/iot_link/os/liteos/base/ipc/los_rwlock.o
LOAD build/iot_link/os/liteos/base/ipc/los_mux.o
LOAD build/iot_link/os/liteos/base/mem/heap/los_memory.o
LOAD build/iot_link/os/liteos/base/mem/heap/los_heap.o
LOAD build/iot_link/os/liteos/base/mem/membox/los_membox.o
LOAD build/iot_link/os/liteos/base/mem/common/los_slab.o
LOAD build/iot_link/os/liteos/base/mem/common/los_slabmem.o
LOAD build/iot_link/os/liteos/base/mem/common/los_memcheck.o
LOAD build/iot_link/os/liteos/base/misc/los_misc.o
LOAD build/iot_link/os/liteos/base/om/los_err.o
LOAD build/iot_link/os/liteos/extended/tickless/los_tickless.o
LOAD build/iot_link/shell/shell_cmd.o
LOAD build/iot_link/shell/shell_main.o
LOAD build/iot_link/shell/shell_test.o
LOAD build/iot_link/stimer/stimer.o
LOAD build/iot_link/queue/queue.o
LOAD build/iot_link/driver/driver.o
LOAD build/iot_link/at/at.o
LOAD build/iot_link/cJSON/cJSON.o
LOAD build/iot_link/crc/crc32.o
LOAD build/iot_link/crc/crc8.o
LOAD build/iot_link/crc/crc16.o
LOAD build/iot_link/oc/oc_lwm2m/oc_lwm2m_al/oc_lwm2m_al.o
LOAD build/iot_link/oc/oc_lwm2m/boudica150_oc/boudica150_oc.o
LOAD build/iot_link/demos/app_demo_main.o
LOAD build/iot_link/link_main.o
LOAD build/drivers/third_party/ST/STM32L4xx_HAL_Driver/Src/stm32l4xx_hal_flash.o
LOAD build/drivers/third_party/ST/STM32L4xx_HAL_Driver/Src/stm32l4xx_hal_tim_ex.o
LOAD build/drivers/third_party/ST/STM32L4xx_HAL_Driver/Src/stm32l4xx_hal_rcc.o
LOAD build/drivers/third_party/ST/STM32L4xx_HAL_Driver/Src/stm32l4xx_hal_pwr_ex.o
LOAD build/drivers/third_party/ST/STM32L4xx_HAL_Driver/Src/stm32l4xx_hal_pwr.o
LOAD build/drivers/third_party/ST/STM32L4xx_HAL_Driver/Src/stm32l4xx_hal_gpio.o
LOAD build/drivers/third_party/ST/STM32L4xx_HAL_Driver/Src/stm32l4xx_hal_rcc_ex.o
LOAD build/drivers/third_party/ST/STM32L4xx_HAL_Driver/Src/stm32l4xx_hal_flash_ex.o
LOAD build/drivers/third_party/ST/STM32L4xx_HAL_Driver/Src/stm32l4xx_hal_flash_ramfunc.o
LOAD build/drivers/third_party/ST/STM32L4xx_HAL_Driver/Src/stm32l4xx_hal_cortex.o
LOAD build/drivers/third_party/ST/STM32L4xx_HAL_Driver/Src/stm32l4xx_hal_uart.o
LOAD build/drivers/third_party/ST/STM32L4xx_HAL_Driver/Src/stm32l4xx_hal_uart_ex.o
LOAD build/drivers/third_party/ST/STM32L4xx_HAL_Driver/Src/stm32l4xx_hal.o
LOAD build/drivers/third_party/ST/STM32L4xx_HAL_Driver/Src/stm32l4xx_hal_tim.o
LOAD build/drivers/third_party/ST/STM32L4xx_HAL_Driver/Src/stm32l4xx_hal_spi.o
LOAD build/drivers/third_party/ST/STM32L4xx_HAL_Driver/Src/stm32l4xx_hal_i2c.o
LOAD build/drivers/third_party/ST/STM32L4xx_HAL_Driver/Src/stm32l4xx_hal_i2c_ex.o
LOAD build/drivers/third_party/ST/STM32L4xx_HAL_Driver/Src/stm32l4xx_hal_iwdg.o
LOAD build/drivers/third_party/ST/STM32L4xx_HAL_Driver/Src/stm32l4xx_hal_adc.o
LOAD build/drivers/third_party/ST/STM32L4xx_HAL_Driver/Src/stm32l4xx_hal_dac.o
LOAD build/drivers/third_party/ST/STM32L4xx_HAL_Driver/Src/stm32l4xx_hal_sd.o
LOAD build/drivers/third_party/ST/STM32L4xx_HAL_Driver/Src/stm32l4xx_hal_qspi.o
LOAD build/drivers/third_party/ST/STM32L4xx_HAL_Driver/Src/stm32l4xx_ll_sdmmc.o
LOAD build/drivers/third_party/ST/STM32L4xx_HAL_Driver/Src/stm32l4xx_hal_dma.o
LOAD build/drivers/third_party/ST/STM32L4xx_HAL_Driver/Src/stm32l4xx_hal_dma_ex.o
LOAD build/drivers/third_party/ST/STM32L4xx_HAL_Driver/Src/stm32l4xx_hal_rng.o
LOAD build/Hardware/Src/hal_iwdg.o
LOAD build/Hardware/Src/hal_rng.o
LOAD build/Hardware/Src/hal_qspi_flash.o
LOAD build/Hardware/LCD/lcd.o
LOAD build/Hardware/LCD/HzLib.o
LOAD build/Src/main.o
LOAD build/Src/system_stm32l4xx.o
LOAD build/Src/stm32l4xx_it.o
LOAD build/Src/sys_init.o
LOAD build/Src/usart.o
LOAD build/Src/uart_debug.o
LOAD build/Src/dwt.o
LOAD build/Src/i2c.o
LOAD build/Src/spi.o
LOAD build/Src/gpio.o
LOAD build/Src/tim.o
LOAD build/Src/adc.o
LOAD build/Src/dac.o
LOAD build/Src/dma.o
LOAD build/Src/quadspi.o
LOAD build/Src/sdmmc.o
LOAD build/Src/Huawei_IoT_QR_Code.o
LOAD build/uart_at/uart_at.o
LOAD build/Demos/oc_nb_lwm2m_smoke/oc_smoke_template.o
LOAD build/Hardware/E53_SF1/E53_SF1.o
LOAD build/iot_link/os/liteos/arch/arm/arm-m/armv7-m/gcc/los_startup.o
LOAD c:/bearpi/developtools/gnu tools arm embedded/7 2018-q2-update/bin/../lib/gcc/arm-none-eabi/7.3.1/../../../../arm-none-eabi/lib/thumb/v7e-m/fpv4-sp/hard\libc_nano.a
LOAD c:/bearpi/developtools/gnu tools arm embedded/7 2018-q2-update/bin/../lib/gcc/arm-none-eabi/7.3.1/../../../../arm-none-eabi/lib/thumb/v7e-m/fpv4-sp/hard\libm.a
LOAD c:/bearpi/developtools/gnu tools arm embedded/7 2018-q2-update/bin/../lib/gcc/arm-none-eabi/7.3.1/../../../../arm-none-eabi/lib/thumb/v7e-m/fpv4-sp/hard\libnosys.a
START GROUP
LOAD c:/bearpi/developtools/gnu tools arm embedded/7 2018-q2-update/bin/../lib/gcc/arm-none-eabi/7.3.1/thumb/v7e-m/fpv4-sp/hard\libgcc.a
LOAD c:/bearpi/developtools/gnu tools arm embedded/7 2018-q2-update/bin/../lib/gcc/arm-none-eabi/7.3.1/../../../../arm-none-eabi/lib/thumb/v7e-m/fpv4-sp/hard\libc_nano.a
END GROUP
START GROUP
LOAD c:/bearpi/developtools/gnu tools arm embedded/7 2018-q2-update/bin/../lib/gcc/arm-none-eabi/7.3.1/thumb/v7e-m/fpv4-sp/hard\libgcc.a
LOAD c:/bearpi/developtools/gnu tools arm embedded/7 2018-q2-update/bin/../lib/gcc/arm-none-eabi/7.3.1/../../../../arm-none-eabi/lib/thumb/v7e-m/fpv4-sp/hard\libc_nano.a
END GROUP
LOAD c:/bearpi/developtools/gnu tools arm embedded/7 2018-q2-update/bin/../lib/gcc/arm-none-eabi/7.3.1/thumb/v7e-m/fpv4-sp/hard/crtend.o
LOAD c:/bearpi/developtools/gnu tools arm embedded/7 2018-q2-update/bin/../lib/gcc/arm-none-eabi/7.3.1/thumb/v7e-m/fpv4-sp/hard/crtn.o
                0x20010000                _estack = 0x20010000
                0x00000200                _Min_Heap_Size = 0x200
                0x00000400                _Min_Stack_Size = 0x400

.isr_vector     0x08000000      0x400
                0x08000000                . = ALIGN (0x8)
 *(.isr_vector)
 .isr_vector    0x08000000      0x400 build/iot_link/os/liteos/arch/arm/arm-m/src/los_hwi.o
                0x08000000                g_pstHwiForm
                0x08000400                . = ALIGN (0x8)

.text           0x08000400     0xe720
                0x08000400                . = ALIGN (0x8)
 *(.text)
 .text          0x08000400       0x40 c:/bearpi/developtools/gnu tools arm embedded/7 2018-q2-update/bin/../lib/gcc/arm-none-eabi/7.3.1/thumb/v7e-m/fpv4-sp/hard/crtbegin.o
 .text          0x08000440       0x60 build/iot_link/os/liteos/arch/arm/arm-m/armv7-m/gcc/los_startup.o
                0x08000440                Reset_Handler
 .text          0x080004a0       0x14 c:/bearpi/developtools/gnu tools arm embedded/7 2018-q2-update/bin/../lib/gcc/arm-none-eabi/7.3.1/../../../../arm-none-eabi/lib/thumb/v7e-m/fpv4-sp/hard\libc_nano.a(lib_a-strcmp.o)
                0x080004a0                strcmp
 .text          0x080004b4       0x10 c:/bearpi/developtools/gnu tools arm embedded/7 2018-q2-update/bin/../lib/gcc/arm-none-eabi/7.3.1/../../../../arm-none-eabi/lib/thumb/v7e-m/fpv4-sp/hard\libc_nano.a(lib_a-strlen.o)
                0x080004b4                strlen
 *fill*         0x080004c4        0xc 
 .text          0x080004d0       0xa0 c:/bearpi/developtools/gnu tools arm embedded/7 2018-q2-update/bin/../lib/gcc/arm-none-eabi/7.3.1/../../../../arm-none-eabi/lib/thumb/v7e-m/fpv4-sp/hard\libc_nano.a(lib_a-memchr.o)
                0x080004d0                memchr
 .text          0x08000570      0x378 c:/bearpi/developtools/gnu tools arm embedded/7 2018-q2-update/bin/../lib/gcc/arm-none-eabi/7.3.1/thumb/v7e-m/fpv4-sp/hard\libgcc.a(_arm_addsubdf3.o)
                0x08000570                __aeabi_drsub
                0x08000578                __aeabi_dsub
                0x08000578                __subdf3
                0x0800057c                __aeabi_dadd
                0x0800057c                __adddf3
                0x080007f4                __floatunsidf
                0x080007f4                __aeabi_ui2d
                0x08000814                __floatsidf
                0x08000814                __aeabi_i2d
                0x08000838                __aeabi_f2d
                0x08000838                __extendsfdf2
                0x0800087c                __floatundidf
                0x0800087c                __aeabi_ul2d
                0x0800088c                __floatdidf
                0x0800088c                __aeabi_l2d
 .text          0x080008e8      0x424 c:/bearpi/developtools/gnu tools arm embedded/7 2018-q2-update/bin/../lib/gcc/arm-none-eabi/7.3.1/thumb/v7e-m/fpv4-sp/hard\libgcc.a(_arm_muldivdf3.o)
                0x080008e8                __aeabi_dmul
                0x080008e8                __muldf3
                0x08000b3c                __divdf3
                0x08000b3c                __aeabi_ddiv
 .text          0x08000d0c      0x110 c:/bearpi/developtools/gnu tools arm embedded/7 2018-q2-update/bin/../lib/gcc/arm-none-eabi/7.3.1/thumb/v7e-m/fpv4-sp/hard\libgcc.a(_arm_cmpdf2.o)
                0x08000d0c                __gtdf2
                0x08000d0c                __gedf2
                0x08000d14                __ltdf2
                0x08000d14                __ledf2
                0x08000d1c                __nedf2
                0x08000d1c                __eqdf2
                0x08000d1c                __cmpdf2
                0x08000d98                __aeabi_cdrcmple
                0x08000da8                __aeabi_cdcmpeq
                0x08000da8                __aeabi_cdcmple
                0x08000db8                __aeabi_dcmpeq
                0x08000dcc                __aeabi_dcmplt
                0x08000de0                __aeabi_dcmple
                0x08000df4                __aeabi_dcmpge
                0x08000e08                __aeabi_dcmpgt
 .text          0x08000e1c       0x2c c:/bearpi/developtools/gnu tools arm embedded/7 2018-q2-update/bin/../lib/gcc/arm-none-eabi/7.3.1/thumb/v7e-m/fpv4-sp/hard\libgcc.a(_arm_unorddf2.o)
                0x08000e1c                __unorddf2
                0x08000e1c                __aeabi_dcmpun
 .text          0x08000e48       0x50 c:/bearpi/developtools/gnu tools arm embedded/7 2018-q2-update/bin/../lib/gcc/arm-none-eabi/7.3.1/thumb/v7e-m/fpv4-sp/hard\libgcc.a(_arm_fixdfsi.o)
                0x08000e48                __aeabi_d2iz
                0x08000e48                __fixdfsi
 .text          0x08000e98       0xa0 c:/bearpi/developtools/gnu tools arm embedded/7 2018-q2-update/bin/../lib/gcc/arm-none-eabi/7.3.1/thumb/v7e-m/fpv4-sp/hard\libgcc.a(_arm_truncdfsf2.o)
                0x08000e98                __truncdfsf2
                0x08000e98                __aeabi_d2f
 .text          0x08000f38       0x30 c:/bearpi/developtools/gnu tools arm embedded/7 2018-q2-update/bin/../lib/gcc/arm-none-eabi/7.3.1/thumb/v7e-m/fpv4-sp/hard\libgcc.a(_aeabi_uldivmod.o)
                0x08000f38                __aeabi_uldivmod
 .text          0x08000f68      0x2cc c:/bearpi/developtools/gnu tools arm embedded/7 2018-q2-update/bin/../lib/gcc/arm-none-eabi/7.3.1/thumb/v7e-m/fpv4-sp/hard\libgcc.a(_udivmoddi4.o)
                0x08000f68                __udivmoddi4
 .text          0x08001234        0x4 c:/bearpi/developtools/gnu tools arm embedded/7 2018-q2-update/bin/../lib/gcc/arm-none-eabi/7.3.1/thumb/v7e-m/fpv4-sp/hard\libgcc.a(_dvmd_tls.o)
                0x08001234                __aeabi_idiv0
                0x08001234                __aeabi_ldiv0
 *(.text*)
 .text.string_to_arg
                0x08001238       0x54 build/iot_link/link_misc/link_string.o
                0x08001238                string_to_arg
 .text.ring_buffer_init
                0x0800128c       0x16 build/iot_link/link_misc/link_ring_buffer.o
                0x0800128c                ring_buffer_init
 .text.ring_buffer_write
                0x080012a2       0x9e build/iot_link/link_misc/link_ring_buffer.o
                0x080012a2                ring_buffer_write
 .text.ring_buffer_read
                0x08001340       0x88 build/iot_link/link_misc/link_ring_buffer.o
                0x08001340                ring_buffer_read
 .text.ring_buffer_datalen
                0x080013c8        0xc build/iot_link/link_misc/link_ring_buffer.o
                0x080013c8                ring_buffer_datalen
 .text.ring_buffer_reset
                0x080013d4       0x12 build/iot_link/link_misc/link_ring_buffer.o
                0x080013d4                ring_buffer_reset
 *fill*         0x080013e6        0x2 
 .text.link_log_level_get
                0x080013e8        0xc build/iot_link/link_log/link_log.o
                0x080013e8                link_log_level_get
 .text.link_log_level_name
                0x080013f4       0x18 build/iot_link/link_log/link_log.o
                0x080013f4                link_log_level_name
 .text.osal_install
                0x0800140c       0x18 build/iot_link/os/osal/osal.o
                0x0800140c                osal_install
 .text.osal_task_create
                0x08001424       0x24 build/iot_link/os/osal/osal.o
                0x08001424                osal_task_create
 .text.osal_task_sleep
                0x08001448       0x18 build/iot_link/os/osal/osal.o
                0x08001448                osal_task_sleep
 .text.osal_mutex_create
                0x08001460       0x18 build/iot_link/os/osal/osal.o
                0x08001460                osal_mutex_create
 .text.osal_mutex_lock
                0x08001478       0x18 build/iot_link/os/osal/osal.o
                0x08001478                osal_mutex_lock
 .text.osal_mutex_unlock
                0x08001490       0x18 build/iot_link/os/osal/osal.o
                0x08001490                osal_mutex_unlock
 .text.osal_mutex_del
                0x080014a8       0x18 build/iot_link/os/osal/osal.o
                0x080014a8                osal_mutex_del
 .text.osal_semp_create
                0x080014c0       0x18 build/iot_link/os/osal/osal.o
                0x080014c0                osal_semp_create
 .text.osal_semp_pend
                0x080014d8       0x18 build/iot_link/os/osal/osal.o
                0x080014d8                osal_semp_pend
 .text.osal_semp_post
                0x080014f0       0x18 build/iot_link/os/osal/osal.o
                0x080014f0                osal_semp_post
 .text.osal_semp_del
                0x08001508       0x18 build/iot_link/os/osal/osal.o
                0x08001508                osal_semp_del
 .text.osal_malloc
                0x08001520       0x18 build/iot_link/os/osal/osal.o
                0x08001520                osal_malloc
 .text.osal_free
                0x08001538       0x18 build/iot_link/os/osal/osal.o
                0x08001538                osal_free
 .text.osal_realloc
                0x08001550       0x18 build/iot_link/os/osal/osal.o
                0x08001550                osal_realloc
 .text.osal_calloc
                0x08001568       0x1c build/iot_link/os/osal/osal.o
                0x08001568                osal_calloc
 .text.osal_sys_time
                0x08001584       0x1c build/iot_link/os/osal/osal.o
                0x08001584                osal_sys_time
 .text.osal_reboot
                0x080015a0       0x1c build/iot_link/os/osal/osal.o
                0x080015a0                osal_reboot
 .text.osal_init
                0x080015bc        0x8 build/iot_link/os/osal/osal.o
                0x080015bc                osal_init
 .text.LOS_StartToRun
                0x080015c4       0x68 build/iot_link/os/liteos/arch/arm/arm-m/armv7-m/gcc/los_dispatch.o
                0x080015c4                LOS_StartToRun
 .text.LOS_IntLock
                0x0800162c        0x8 build/iot_link/os/liteos/arch/arm/arm-m/armv7-m/gcc/los_dispatch.o
                0x0800162c                LOS_IntLock
 .text.LOS_IntRestore
                0x08001634        0x6 build/iot_link/os/liteos/arch/arm/arm-m/armv7-m/gcc/los_dispatch.o
                0x08001634                LOS_IntRestore
 *fill*         0x0800163a        0x2 
 .text.osTaskSchedule
                0x0800163c       0x10 build/iot_link/os/liteos/arch/arm/arm-m/armv7-m/gcc/los_dispatch.o
                0x0800163c                osTaskSchedule
 .text.PendSV_Handler
                0x0800164c       0x70 build/iot_link/os/liteos/arch/arm/arm-m/armv7-m/gcc/los_dispatch.o
                0x0800164c                PendSV_Handler
 .text.osTickStart
                0x080016bc       0x88 build/iot_link/os/liteos/arch/arm/arm-m/src/los_hw_tick.o
                0x080016bc                osTickStart
 .text.osHwiDefaultHandler
                0x08001744       0x24 build/iot_link/os/liteos/arch/arm/arm-m/src/los_hwi.o
                0x08001744                osHwiDefaultHandler
 .text.osInterrupt
                0x08001768       0x40 build/iot_link/os/liteos/arch/arm/arm-m/src/los_hwi.o
                0x08001768                osInterrupt
 .text.Debug_Handler
                0x080017a8        0x6 build/iot_link/os/liteos/arch/arm/arm-m/src/los_hwi.o
                0x080017a8                Debug_Handler
 *fill*         0x080017ae        0x2 
 .text.osHwiInit
                0x080017b0       0x24 build/iot_link/os/liteos/arch/arm/arm-m/src/los_hwi.o
                0x080017b0                osHwiInit
 .text.LOS_HwiCreate
                0x080017d4       0x7c build/iot_link/os/liteos/arch/arm/arm-m/src/los_hwi.o
                0x080017d4                LOS_HwiCreate
 .text.osTaskExit
                0x08001850        0x4 build/iot_link/os/liteos/arch/arm/arm-m/src/los_hw.o
                0x08001850                osTaskExit
 .text.osSchedule
                0x08001854        0x4 build/iot_link/os/liteos/arch/arm/arm-m/src/los_hw.o
                0x08001854                osSchedule
 .text.LOS_Schedule
                0x08001858       0x3c build/iot_link/os/liteos/arch/arm/arm-m/src/los_hw.o
                0x08001858                LOS_Schedule
 .text.osTskStackInit
                0x08001894       0x98 build/iot_link/os/liteos/arch/arm/arm-m/src/los_hw.o
                0x08001894                osTskStackInit
 .text.osTskStackAlloc
                0x0800192c       0x24 build/iot_link/os/liteos/arch/arm/arm-m/src/los_hw.o
                0x0800192c                osTskStackAlloc
 .text.osKernelGetTickCount
                0x08001950       0x2c build/iot_link/os/liteos/cmsis/cmsis_liteos.o
                0x08001950                osKernelGetTickCount
 .text._malloc_r
                0x0800197c        0x6 build/iot_link/os/liteos/newlib_stub.o
                0x0800197c                _malloc_r
 .text._realloc_r
                0x08001982        0x8 build/iot_link/os/liteos/newlib_stub.o
                0x08001982                _realloc_r
 .text._calloc_r
                0x0800198a        0x8 build/iot_link/os/liteos/newlib_stub.o
                0x0800198a                _calloc_r
 .text._free_r  0x08001992        0x6 build/iot_link/os/liteos/newlib_stub.o
                0x08001992                _free_r
 .text.liteos_reboot
                0x08001998        0x4 build/iot_link/os/liteos/liteos_imp.o
                0x08001998                liteos_reboot
 .text.__int_connect
                0x0800199c        0x8 build/iot_link/os/liteos/liteos_imp.o
 .text.__get_sys_time
                0x080019a4        0x4 build/iot_link/os/liteos/liteos_imp.o
 .text.__mem_free
                0x080019a8       0x10 build/iot_link/os/liteos/liteos_imp.o
 .text.__mem_malloc
                0x080019b8       0x14 build/iot_link/os/liteos/liteos_imp.o
 .text.__queue_del
                0x080019cc        0xe build/iot_link/os/liteos/liteos_imp.o
 .text.__queue_recv
                0x080019da        0xe build/iot_link/os/liteos/liteos_imp.o
 .text.__queue_send
                0x080019e8        0xe build/iot_link/os/liteos/liteos_imp.o
 *fill*         0x080019f6        0x2 
 .text.__queue_create
                0x080019f8       0x24 build/iot_link/os/liteos/liteos_imp.o
 .text.__semp_del
                0x08001a1c        0xe build/iot_link/os/liteos/liteos_imp.o
 .text.__semp_post
                0x08001a2a        0xe build/iot_link/os/liteos/liteos_imp.o
 .text.__semp_pend
                0x08001a38        0xe build/iot_link/os/liteos/liteos_imp.o
 .text.__semp_create
                0x08001a46       0x16 build/iot_link/os/liteos/liteos_imp.o
 .text.__mutex_del
                0x08001a5c        0xe build/iot_link/os/liteos/liteos_imp.o
 .text.__mutex_unlock
                0x08001a6a        0xe build/iot_link/os/liteos/liteos_imp.o
 .text.__mutex_lock
                0x08001a78       0x12 build/iot_link/os/liteos/liteos_imp.o
 .text.__mutex_create
                0x08001a8a        0xe build/iot_link/os/liteos/liteos_imp.o
 .text.__task_sleep
                0x08001a98        0x4 build/iot_link/os/liteos/liteos_imp.o
 .text.__task_exit
                0x08001a9c        0xe build/iot_link/os/liteos/liteos_imp.o
 .text.__task_kill
                0x08001aaa       0x18 build/iot_link/os/liteos/liteos_imp.o
 .text.__task_create
                0x08001ac2       0x3a build/iot_link/os/liteos/liteos_imp.o
 .text.los_mem_realloc
                0x08001afc       0x10 build/iot_link/os/liteos/liteos_imp.o
                0x08001afc                los_mem_realloc
 .text.os_imp_init
                0x08001b0c        0xc build/iot_link/os/liteos/liteos_imp.o
                0x08001b0c                os_imp_init
 .text.free     0x08001b18        0x4 build/iot_link/os/liteos/malloc.o
                0x08001b18                free
 .text.malloc   0x08001b1c        0x4 build/iot_link/os/liteos/malloc.o
                0x08001b1c                malloc
 .text.calloc   0x08001b20        0x4 build/iot_link/os/liteos/malloc.o
                0x08001b20                calloc
 .text.realloc  0x08001b24        0x4 build/iot_link/os/liteos/malloc.o
                0x08001b24                realloc
 .text.LOS_Start
                0x08001b28       0x28 build/iot_link/os/liteos/los_init.o
                0x08001b28                LOS_Start
 .text.LOS_KernelInit
                0x08001b50       0x88 build/iot_link/os/liteos/los_init.o
                0x08001b50                LOS_KernelInit
 .text.osTickHandler
                0x08001bd8       0x34 build/iot_link/os/liteos/base/core/los_tick.o
                0x08001bd8                osTickHandler
 .text.LOS_TickCountGet
                0x08001c0c        0xc build/iot_link/os/liteos/base/core/los_sys.o
                0x08001c0c                LOS_TickCountGet
 .text.osTimesliceInit
                0x08001c18       0x10 build/iot_link/os/liteos/base/core/los_timeslice.o
                0x08001c18                osTimesliceInit
 .text.osTimesliceCheck
                0x08001c28       0x38 build/iot_link/os/liteos/base/core/los_timeslice.o
                0x08001c28                osTimesliceCheck
 .text.LOS_ListDelete
                0x08001c60       0x12 build/iot_link/os/liteos/base/core/los_task.o
 .text.osIdleTask
                0x08001c72        0x2 build/iot_link/os/liteos/base/core/los_task.o
                0x08001c72                osIdleTask
 .text.osTaskSwitchCheck
                0x08001c74       0xcc build/iot_link/os/liteos/base/core/los_task.o
                0x08001c74                osTaskSwitchCheck
 .text.osTaskPriModify
                0x08001d40       0x30 build/iot_link/os/liteos/base/core/los_task.o
                0x08001d40                osTaskPriModify
 .text.osTaskAdd2TimerList
                0x08001d70       0x80 build/iot_link/os/liteos/base/core/los_task.o
                0x08001d70                osTaskAdd2TimerList
 .text.osTimerListDelete
                0x08001df0       0x38 build/iot_link/os/liteos/base/core/los_task.o
                0x08001df0                osTimerListDelete
 .text.osTaskScan
                0x08001e28       0xac build/iot_link/os/liteos/base/core/los_task.o
                0x08001e28                osTaskScan
 .text.osConvertTskStatus
                0x08001ed4       0x68 build/iot_link/os/liteos/base/core/los_task.o
                0x08001ed4                osConvertTskStatus
 .text.osGetTaskWaterLine
                0x08001f3c       0x54 build/iot_link/os/liteos/base/core/los_task.o
                0x08001f3c                osGetTaskWaterLine
 .text.osGetAllTskInfo
                0x08001f90       0xc8 build/iot_link/os/liteos/base/core/los_task.o
                0x08001f90                osGetAllTskInfo
 .text.osTaskInit
                0x08002058       0xc4 build/iot_link/os/liteos/base/core/los_task.o
                0x08002058                osTaskInit
 .text.LOS_CurTaskIDGet
                0x0800211c       0x18 build/iot_link/os/liteos/base/core/los_task.o
                0x0800211c                LOS_CurTaskIDGet
 .text.osTaskMonInit
                0x08002134       0x34 build/iot_link/os/liteos/base/core/los_task.o
                0x08002134                osTaskMonInit
 .text.LOS_TaskCreateOnly
                0x08002168      0x154 build/iot_link/os/liteos/base/core/los_task.o
                0x08002168                LOS_TaskCreateOnly
 .text.LOS_TaskCreate
                0x080022bc       0x9c build/iot_link/os/liteos/base/core/los_task.o
                0x080022bc                LOS_TaskCreate
 .text.osIdleTaskCreate
                0x08002358       0x3c build/iot_link/os/liteos/base/core/los_task.o
                0x08002358                osIdleTaskCreate
 .text.LOS_TaskDelete
                0x08002394      0x168 build/iot_link/os/liteos/base/core/los_task.o
                0x08002394                LOS_TaskDelete
 .text.osTaskEntry
                0x080024fc       0x20 build/iot_link/os/liteos/base/core/los_task.o
                0x080024fc                osTaskEntry
 .text.osTaskWait
                0x0800251c       0x54 build/iot_link/os/liteos/base/core/los_task.o
                0x0800251c                osTaskWait
 .text.osTaskWake
                0x08002570       0x42 build/iot_link/os/liteos/base/core/los_task.o
                0x08002570                osTaskWake
 *fill*         0x080025b2        0x2 
 .text.LOS_TaskYield
                0x080025b4       0x70 build/iot_link/os/liteos/base/core/los_task.o
                0x080025b4                LOS_TaskYield
 .text.LOS_TaskDelay
                0x08002624       0x70 build/iot_link/os/liteos/base/core/los_task.o
                0x08002624                LOS_TaskDelay
 .text.osPriqueueInit
                0x08002694       0x2c build/iot_link/os/liteos/base/core/los_priqueue.o
                0x08002694                osPriqueueInit
 .text.osPriqueueEnqueue
                0x080026c0       0x38 build/iot_link/os/liteos/base/core/los_priqueue.o
                0x080026c0                osPriqueueEnqueue
 .text.osPriqueueDequeue
                0x080026f8       0x40 build/iot_link/os/liteos/base/core/los_priqueue.o
                0x080026f8                osPriqueueDequeue
 .text.osPriqueueTop
                0x08002738       0x20 build/iot_link/os/liteos/base/core/los_priqueue.o
                0x08002738                osPriqueueTop
 .text.osPriqueueSize
                0x08002758       0x1c build/iot_link/os/liteos/base/core/los_priqueue.o
                0x08002758                osPriqueueSize
 .text.osQueueInit
                0x08002774       0x60 build/iot_link/os/liteos/base/ipc/los_queue.o
                0x08002774                osQueueInit
 .text.LOS_QueueCreate
                0x080027d4       0xd8 build/iot_link/os/liteos/base/ipc/los_queue.o
                0x080027d4                LOS_QueueCreate
 .text.osQueueOperate
                0x080028ac      0x1cc build/iot_link/os/liteos/base/ipc/los_queue.o
                0x080028ac                osQueueOperate
 .text.LOS_QueueReadCopy
                0x08002a78       0x4c build/iot_link/os/liteos/base/ipc/los_queue.o
                0x08002a78                LOS_QueueReadCopy
 .text.LOS_QueueWriteCopy
                0x08002ac4       0x4c build/iot_link/os/liteos/base/ipc/los_queue.o
                0x08002ac4                LOS_QueueWriteCopy
 .text.LOS_QueueDelete
                0x08002b10       0xa0 build/iot_link/os/liteos/base/ipc/los_queue.o
                0x08002b10                LOS_QueueDelete
 .text.osSemInit
                0x08002bb0       0x58 build/iot_link/os/liteos/base/ipc/los_sem.o
                0x08002bb0                osSemInit
 .text.osSemCreate
                0x08002c08       0x80 build/iot_link/os/liteos/base/ipc/los_sem.o
                0x08002c08                osSemCreate
 .text.LOS_SemDelete
                0x08002c88       0x94 build/iot_link/os/liteos/base/ipc/los_sem.o
                0x08002c88                LOS_SemDelete
 .text.LOS_SemPend
                0x08002d1c      0x104 build/iot_link/os/liteos/base/ipc/los_sem.o
                0x08002d1c                LOS_SemPend
 .text.LOS_SemPost
                0x08002e20       0x98 build/iot_link/os/liteos/base/ipc/los_sem.o
                0x08002e20                LOS_SemPost
 .text.osMuxInit
                0x08002eb8       0x48 build/iot_link/os/liteos/base/ipc/los_mux.o
                0x08002eb8                osMuxInit
 .text.LOS_MuxCreate
                0x08002f00       0x7c build/iot_link/os/liteos/base/ipc/los_mux.o
                0x08002f00                LOS_MuxCreate
 .text.LOS_MuxDelete
                0x08002f7c       0x78 build/iot_link/os/liteos/base/ipc/los_mux.o
                0x08002f7c                LOS_MuxDelete
 .text.LOS_MuxPend
                0x08002ff4      0x118 build/iot_link/os/liteos/base/ipc/los_mux.o
                0x08002ff4                LOS_MuxPend
 .text.LOS_MuxPost
                0x0800310c       0xb8 build/iot_link/os/liteos/base/ipc/los_mux.o
                0x0800310c                LOS_MuxPost
 .text.LOS_MemInit
                0x080031c4       0x38 build/iot_link/os/liteos/base/mem/heap/los_memory.o
                0x080031c4                LOS_MemInit
 .text.osMemSystemInit
                0x080031fc       0x40 build/iot_link/os/liteos/base/mem/heap/los_memory.o
                0x080031fc                osMemSystemInit
 .text.osHeapFree
                0x0800323c        0xe build/iot_link/os/liteos/base/mem/heap/los_memory.o
                0x0800323c                osHeapFree
 .text.LOS_MemAlloc
                0x0800324a       0x20 build/iot_link/os/liteos/base/mem/heap/los_memory.o
                0x0800324a                LOS_MemAlloc
 .text.LOS_MemAllocAlign
                0x0800326a        0xa build/iot_link/os/liteos/base/mem/heap/los_memory.o
                0x0800326a                LOS_MemAllocAlign
 .text.LOS_MemRealloc
                0x08003274        0x4 build/iot_link/os/liteos/base/mem/heap/los_memory.o
                0x08003274                LOS_MemRealloc
 .text.LOS_MemFree
                0x08003278       0x28 build/iot_link/os/liteos/base/mem/heap/los_memory.o
                0x08003278                LOS_MemFree
 .text.osSlabCtrlHdrGet
                0x080032a0        0x6 build/iot_link/os/liteos/base/mem/heap/los_memory.o
                0x080032a0                osSlabCtrlHdrGet
 *fill*         0x080032a6        0x2 
 .text.LOS_MemInfo
                0x080032a8       0x14 build/iot_link/os/liteos/base/mem/heap/los_memory.o
                0x080032a8                LOS_MemInfo
 .text.__get_max_free
                0x080032bc       0x48 build/iot_link/os/liteos/base/mem/heap/los_heap.o
 .text.__put_chunk
                0x08003304       0x7c build/iot_link/os/liteos/base/mem/heap/los_heap.o
 .text.__del_chunk
                0x08003380       0x84 build/iot_link/os/liteos/base/mem/heap/los_heap.o
 .text.heap_init
                0x08003404       0x20 build/iot_link/os/liteos/base/mem/heap/los_heap.o
                0x08003404                heap_init
 .text.heap_add
                0x08003424       0x94 build/iot_link/os/liteos/base/mem/heap/los_heap.o
                0x08003424                heap_add
 .text.heap_alloc_align
                0x080034b8      0x19e build/iot_link/os/liteos/base/mem/heap/los_heap.o
                0x080034b8                heap_alloc_align
 .text.heap_alloc
                0x08003656        0x8 build/iot_link/os/liteos/base/mem/heap/los_heap.o
                0x08003656                heap_alloc
 .text.heap_free
                0x0800365e       0xbe build/iot_link/os/liteos/base/mem/heap/los_heap.o
                0x0800365e                heap_free
 .text.heap_realloc
                0x0800371c       0xce build/iot_link/os/liteos/base/mem/heap/los_heap.o
                0x0800371c                heap_realloc
 *fill*         0x080037ea        0x2 
 .text.__dump_heap
                0x080037ec      0x158 build/iot_link/os/liteos/base/mem/heap/los_heap.o
                0x080037ec                __dump_heap
 .text.osAtomicBitsetGetBit
                0x08003944       0x1e build/iot_link/os/liteos/base/mem/common/los_slab.o
                0x08003944                osAtomicBitsetGetBit
 .text.osAtomicBitsetClearBit
                0x08003962       0x22 build/iot_link/os/liteos/base/mem/common/los_slab.o
                0x08003962                osAtomicBitsetClearBit
 .text.osAtomicBitsetFindClearAndSet
                0x08003984       0x44 build/iot_link/os/liteos/base/mem/common/los_slab.o
                0x08003984                osAtomicBitsetFindClearAndSet
 .text.osSlabAllocatorAlloc
                0x080039c8       0x1a build/iot_link/os/liteos/base/mem/common/los_slab.o
                0x080039c8                osSlabAllocatorAlloc
 .text.osSlabAllocatorFree
                0x080039e2       0x38 build/iot_link/os/liteos/base/mem/common/los_slab.o
                0x080039e2                osSlabAllocatorFree
 .text.osSlabMemAlloc
                0x08003a1a       0x6c build/iot_link/os/liteos/base/mem/common/los_slabmem.o
                0x08003a1a                osSlabMemAlloc
 .text.osSlabMemFree
                0x08003a86       0x5a build/iot_link/os/liteos/base/mem/common/los_slabmem.o
                0x08003a86                osSlabMemFree
 .text.LOS_Align
                0x08003ae0       0x12 build/iot_link/os/liteos/base/misc/los_misc.o
                0x08003ae0                LOS_Align
 *fill*         0x08003af2        0x2 
 .text.LOS_ErrHandle
                0x08003af4       0x18 build/iot_link/os/liteos/base/om/los_err.o
                0x08003af4                LOS_ErrHandle
 .text.shell_cmd_help
                0x08003b0c       0xe4 build/iot_link/shell/shell_cmd.o
 .text.os_shell_version
                0x08003bf0       0x24 build/iot_link/shell/shell_cmd.o
 .text.shell_cmd_index
                0x08003c14       0x8c build/iot_link/shell/shell_cmd.o
                0x08003c14                shell_cmd_index
 .text.shell_cmd_execute
                0x08003ca0      0x108 build/iot_link/shell/shell_cmd.o
                0x08003ca0                shell_cmd_execute
 .text.shell_cmd_init
                0x08003da8       0x20 build/iot_link/shell/shell_cmd.o
                0x08003da8                shell_cmd_init
 .text.shell_put_char
                0x08003dc8       0x18 build/iot_link/shell/shell_main.o
 .text.shell_put_string
                0x08003de0       0x1e build/iot_link/shell/shell_main.o
 .text.shell_moves_cursor_left
                0x08003dfe       0x16 build/iot_link/shell/shell_main.o
 .text.shell_insert_string
                0x08003e14       0x76 build/iot_link/shell/shell_main.o
 .text.shell_bell
                0x08003e8a        0x6 build/iot_link/shell/shell_main.o
 .text.shell_cachecmd
                0x08003e90       0x44 build/iot_link/shell/shell_main.o
 .text.shell_server_entry
                0x08003ed4      0x2ec build/iot_link/shell/shell_main.o
 .text.shell_init
                0x080041c0       0x28 build/iot_link/shell/shell_main.o
                0x080041c0                shell_init
 .text.shell_taskinfo
                0x080041e8        0xa build/iot_link/shell/shell_test.o
 .text.shell_heapinfo
                0x080041f2        0xe build/iot_link/shell/shell_test.o
 .text.shell_reboot
                0x08004200       0x44 build/iot_link/shell/shell_test.o
 .text.timer_add
                0x08004244       0x44 build/iot_link/stimer/stimer.o
 .text.__timer_entry
                0x08004288       0xcc build/iot_link/stimer/stimer.o
 .text.stimer_print
                0x08004354      0x140 build/iot_link/stimer/stimer.o
 .text.stimer_init
                0x08004494       0x68 build/iot_link/stimer/stimer.o
                0x08004494                stimer_init
 .text.__driv_match
                0x080044fc       0x24 build/iot_link/driver/driver.o
 .text.__driv_show_shell
                0x08004520       0xbc build/iot_link/driver/driver.o
 .text.los_driv_register
                0x080045dc       0x74 build/iot_link/driver/driver.o
                0x080045dc                los_driv_register
 .text.los_driv_init
                0x08004650       0x38 build/iot_link/driver/driver.o
                0x08004650                los_driv_init
 .text.los_dev_open
                0x08004688       0x9c build/iot_link/driver/driver.o
                0x08004688                los_dev_open
 .text.los_dev_read
                0x08004724       0x38 build/iot_link/driver/driver.o
                0x08004724                los_dev_read
 .text.los_dev_write
                0x0800475c       0x3a build/iot_link/driver/driver.o
                0x0800475c                los_dev_write
 *fill*         0x08004796        0x2 
 .text.print_ascii
                0x08004798       0x50 build/iot_link/at/at.o
 .text.print_hex
                0x080047e8       0x5c build/iot_link/at/at.o
 .text.shell_atdebug
                0x08004844      0x120 build/iot_link/at/at.o
 .text.__cmd_match.constprop.4
                0x08004964       0x58 build/iot_link/at/at.o
 .text.__oob_match.constprop.5
                0x080049bc       0x50 build/iot_link/at/at.o
 .text.__resp_rcv.constprop.6
                0x08004a0c       0x54 build/iot_link/at/at.o
 .text.__rcv_task_entry
                0x08004a60       0xc4 build/iot_link/at/at.o
 .text.__cmd_send
                0x08004b24       0x54 build/iot_link/at/at.o
 .text.at_command
                0x08004b78       0xa4 build/iot_link/at/at.o
                0x08004b78                at_command
 .text.shell_at
                0x08004c1c       0xf0 build/iot_link/at/at.o
 .text.at_oobregister
                0x08004d0c       0x3c build/iot_link/at/at.o
                0x08004d0c                at_oobregister
 .text.at_init  0x08004d48      0x17c build/iot_link/at/at.o
                0x08004d48                at_init
 .text.cJSON_InitHooks
                0x08004ec4       0x44 build/iot_link/cJSON/cJSON.o
                0x08004ec4                cJSON_InitHooks
 .text.oc_lwm2m_register
                0x08004f08       0x18 build/iot_link/oc/oc_lwm2m/oc_lwm2m_al/oc_lwm2m_al.o
                0x08004f08                oc_lwm2m_register
 .text.oc_lwm2m_report
                0x08004f20       0x14 build/iot_link/oc/oc_lwm2m/oc_lwm2m_al/oc_lwm2m_al.o
                0x08004f20                oc_lwm2m_report
 .text.oc_lwm2m_config
                0x08004f34       0x1c build/iot_link/oc/oc_lwm2m/oc_lwm2m_al/oc_lwm2m_al.o
                0x08004f34                oc_lwm2m_config
 .text.oc_lwm2m_init
                0x08004f50       0x48 build/iot_link/oc/oc_lwm2m/oc_lwm2m_al/oc_lwm2m_al.o
                0x08004f50                oc_lwm2m_init
 .text.boudica150_oc_deconfig
                0x08004f98       0x14 build/iot_link/oc/oc_lwm2m/boudica150_oc/boudica150_oc.o
 .text.boudica150_atcmd_response
                0x08004fac       0x2a build/iot_link/oc/oc_lwm2m/boudica150_oc/boudica150_oc.o
 .text.boudica150_atcmd
                0x08004fd6       0x26 build/iot_link/oc/oc_lwm2m/boudica150_oc/boudica150_oc.o
 .text.urc_qlwevtind
                0x08004ffc       0x5c build/iot_link/oc/oc_lwm2m/boudica150_oc/boudica150_oc.o
 .text.boudica150_set_fun
                0x08005058       0x40 build/iot_link/oc/oc_lwm2m/boudica150_oc/boudica150_oc.o
 .text.boudica150_oc_report
                0x08005098       0xe0 build/iot_link/oc/oc_lwm2m/boudica150_oc/boudica150_oc.o
 .text.boudica150_set_echo.constprop.6
                0x08005178       0x30 build/iot_link/oc/oc_lwm2m/boudica150_oc/boudica150_oc.o
 .text.boudica150_reboot
                0x080051a8       0x30 build/iot_link/oc/oc_lwm2m/boudica150_oc/boudica150_oc.o
 .text.boudica150_oc_config
                0x080051d8      0x3fc build/iot_link/oc/oc_lwm2m/boudica150_oc/boudica150_oc.o
 .text.boudica150_rcvdeal
                0x080055d4      0x158 build/iot_link/oc/oc_lwm2m/boudica150_oc/boudica150_oc.o
 .text.oc_lwm2m_imp_init
                0x0800572c       0x34 build/iot_link/oc/oc_lwm2m/boudica150_oc/boudica150_oc.o
                0x0800572c                oc_lwm2m_imp_init
 .text.linkmain_version
                0x08005760       0x34 build/iot_link/link_main.o
                0x08005760                linkmain_version
 .text.link_main
                0x08005794       0x90 build/iot_link/link_main.o
                0x08005794                link_main
 .text.HAL_TIMEx_ConfigBreakDeadTime
                0x08005824       0x7c build/drivers/third_party/ST/STM32L4xx_HAL_Driver/Src/stm32l4xx_hal_tim_ex.o
                0x08005824                HAL_TIMEx_ConfigBreakDeadTime
 .text.RCC_SetFlashLatencyFromMSIRange
                0x080058a0       0x84 build/drivers/third_party/ST/STM32L4xx_HAL_Driver/Src/stm32l4xx_hal_rcc.o
 .text.HAL_RCC_GetSysClockFreq
                0x08005924       0xd0 build/drivers/third_party/ST/STM32L4xx_HAL_Driver/Src/stm32l4xx_hal_rcc.o
                0x08005924                HAL_RCC_GetSysClockFreq
 .text.HAL_RCC_OscConfig
                0x080059f4      0x4b8 build/drivers/third_party/ST/STM32L4xx_HAL_Driver/Src/stm32l4xx_hal_rcc.o
                0x080059f4                HAL_RCC_OscConfig
 .text.HAL_RCC_ClockConfig
                0x08005eac      0x168 build/drivers/third_party/ST/STM32L4xx_HAL_Driver/Src/stm32l4xx_hal_rcc.o
                0x08005eac                HAL_RCC_ClockConfig
 .text.HAL_RCC_GetPCLK1Freq
                0x08006014       0x20 build/drivers/third_party/ST/STM32L4xx_HAL_Driver/Src/stm32l4xx_hal_rcc.o
                0x08006014                HAL_RCC_GetPCLK1Freq
 .text.HAL_RCC_GetPCLK2Freq
                0x08006034       0x20 build/drivers/third_party/ST/STM32L4xx_HAL_Driver/Src/stm32l4xx_hal_rcc.o
                0x08006034                HAL_RCC_GetPCLK2Freq
 .text.HAL_PWREx_GetVoltageRange
                0x08006054       0x10 build/drivers/third_party/ST/STM32L4xx_HAL_Driver/Src/stm32l4xx_hal_pwr_ex.o
                0x08006054                HAL_PWREx_GetVoltageRange
 .text.HAL_PWREx_ControlVoltageScaling
                0x08006064       0x68 build/drivers/third_party/ST/STM32L4xx_HAL_Driver/Src/stm32l4xx_hal_pwr_ex.o
                0x08006064                HAL_PWREx_ControlVoltageScaling
 .text.HAL_PWR_EnableBkUpAccess
                0x080060cc       0x10 build/drivers/third_party/ST/STM32L4xx_HAL_Driver/Src/stm32l4xx_hal_pwr.o
                0x080060cc                HAL_PWR_EnableBkUpAccess
 .text.HAL_GPIO_Init
                0x080060dc      0x184 build/drivers/third_party/ST/STM32L4xx_HAL_Driver/Src/stm32l4xx_hal_gpio.o
                0x080060dc                HAL_GPIO_Init
 .text.HAL_GPIO_ReadPin
                0x08006260        0xc build/drivers/third_party/ST/STM32L4xx_HAL_Driver/Src/stm32l4xx_hal_gpio.o
                0x08006260                HAL_GPIO_ReadPin
 .text.HAL_GPIO_WritePin
                0x0800626c        0xa build/drivers/third_party/ST/STM32L4xx_HAL_Driver/Src/stm32l4xx_hal_gpio.o
                0x0800626c                HAL_GPIO_WritePin
 *fill*         0x08006276        0x2 
 .text.RCCEx_PLLSAI1_Config
                0x08006278      0x114 build/drivers/third_party/ST/STM32L4xx_HAL_Driver/Src/stm32l4xx_hal_rcc_ex.o
 .text.HAL_RCCEx_PeriphCLKConfig
                0x0800638c      0x2b0 build/drivers/third_party/ST/STM32L4xx_HAL_Driver/Src/stm32l4xx_hal_rcc_ex.o
                0x0800638c                HAL_RCCEx_PeriphCLKConfig
 .text.HAL_RCCEx_EnableMSIPLLMode
                0x0800663c       0x10 build/drivers/third_party/ST/STM32L4xx_HAL_Driver/Src/stm32l4xx_hal_rcc_ex.o
                0x0800663c                HAL_RCCEx_EnableMSIPLLMode
 .text.HAL_NVIC_SetPriorityGrouping
                0x0800664c       0x24 build/drivers/third_party/ST/STM32L4xx_HAL_Driver/Src/stm32l4xx_hal_cortex.o
                0x0800664c                HAL_NVIC_SetPriorityGrouping
 .text.HAL_NVIC_SetPriority
                0x08006670       0x68 build/drivers/third_party/ST/STM32L4xx_HAL_Driver/Src/stm32l4xx_hal_cortex.o
                0x08006670                HAL_NVIC_SetPriority
 .text.HAL_NVIC_EnableIRQ
                0x080066d8       0x1c build/drivers/third_party/ST/STM32L4xx_HAL_Driver/Src/stm32l4xx_hal_cortex.o
                0x080066d8                HAL_NVIC_EnableIRQ
 .text.HAL_SYSTICK_Config
                0x080066f4       0x2c build/drivers/third_party/ST/STM32L4xx_HAL_Driver/Src/stm32l4xx_hal_cortex.o
                0x080066f4                HAL_SYSTICK_Config
 .text.UART_EndRxTransfer
                0x08006720       0x1a build/drivers/third_party/ST/STM32L4xx_HAL_Driver/Src/stm32l4xx_hal_uart.o
 .text.HAL_UART_TxCpltCallback
                0x0800673a        0x2 build/drivers/third_party/ST/STM32L4xx_HAL_Driver/Src/stm32l4xx_hal_uart.o
                0x0800673a                HAL_UART_TxCpltCallback
 .text.HAL_UART_RxCpltCallback
                0x0800673c        0x2 build/drivers/third_party/ST/STM32L4xx_HAL_Driver/Src/stm32l4xx_hal_uart.o
                0x0800673c                HAL_UART_RxCpltCallback
 .text.UART_Receive_IT
                0x0800673e       0x6c build/drivers/third_party/ST/STM32L4xx_HAL_Driver/Src/stm32l4xx_hal_uart.o
 .text.HAL_UART_ErrorCallback
                0x080067aa        0x2 build/drivers/third_party/ST/STM32L4xx_HAL_Driver/Src/stm32l4xx_hal_uart.o
                0x080067aa                HAL_UART_ErrorCallback
 .text.UART_DMAAbortOnError
                0x080067ac       0x14 build/drivers/third_party/ST/STM32L4xx_HAL_Driver/Src/stm32l4xx_hal_uart.o
 .text.UART_SetConfig
                0x080067c0      0x2b0 build/drivers/third_party/ST/STM32L4xx_HAL_Driver/Src/stm32l4xx_hal_uart.o
                0x080067c0                UART_SetConfig
 .text.UART_AdvFeatureConfig
                0x08006a70       0xa8 build/drivers/third_party/ST/STM32L4xx_HAL_Driver/Src/stm32l4xx_hal_uart.o
                0x08006a70                UART_AdvFeatureConfig
 .text.UART_WaitOnFlagUntilTimeout
                0x08006b18       0x60 build/drivers/third_party/ST/STM32L4xx_HAL_Driver/Src/stm32l4xx_hal_uart.o
                0x08006b18                UART_WaitOnFlagUntilTimeout
 .text.HAL_UART_Transmit
                0x08006b78       0xd2 build/drivers/third_party/ST/STM32L4xx_HAL_Driver/Src/stm32l4xx_hal_uart.o
                0x08006b78                HAL_UART_Transmit
 .text.UART_CheckIdleState
                0x08006c4a       0x64 build/drivers/third_party/ST/STM32L4xx_HAL_Driver/Src/stm32l4xx_hal_uart.o
                0x08006c4a                UART_CheckIdleState
 .text.HAL_UART_Init
                0x08006cae       0x64 build/drivers/third_party/ST/STM32L4xx_HAL_Driver/Src/stm32l4xx_hal_uart.o
                0x08006cae                HAL_UART_Init
 .text.UART_Transmit_IT
                0x08006d12       0x64 build/drivers/third_party/ST/STM32L4xx_HAL_Driver/Src/stm32l4xx_hal_uart.o
                0x08006d12                UART_Transmit_IT
 .text.UART_EndTransmit_IT
                0x08006d76       0x24 build/drivers/third_party/ST/STM32L4xx_HAL_Driver/Src/stm32l4xx_hal_uart.o
                0x08006d76                UART_EndTransmit_IT
 *fill*         0x08006d9a        0x2 
 .text.HAL_UART_IRQHandler
                0x08006d9c      0x12c build/drivers/third_party/ST/STM32L4xx_HAL_Driver/Src/stm32l4xx_hal_uart.o
                0x08006d9c                HAL_UART_IRQHandler
 .text.HAL_UARTEx_WakeupCallback
                0x08006ec8        0x2 build/drivers/third_party/ST/STM32L4xx_HAL_Driver/Src/stm32l4xx_hal_uart_ex.o
                0x08006ec8                HAL_UARTEx_WakeupCallback
 .text.HAL_MspInit
                0x08006eca        0x2 build/drivers/third_party/ST/STM32L4xx_HAL_Driver/Src/stm32l4xx_hal.o
                0x08006eca                HAL_MspInit
 .text.HAL_InitTick
                0x08006ecc       0x28 build/drivers/third_party/ST/STM32L4xx_HAL_Driver/Src/stm32l4xx_hal.o
                0x08006ecc                HAL_InitTick
 .text.HAL_Init
                0x08006ef4       0x16 build/drivers/third_party/ST/STM32L4xx_HAL_Driver/Src/stm32l4xx_hal.o
                0x08006ef4                HAL_Init
 .text.HAL_Delay
                0x08006f0a       0x1c build/drivers/third_party/ST/STM32L4xx_HAL_Driver/Src/stm32l4xx_hal.o
                0x08006f0a                HAL_Delay
 *fill*         0x08006f26        0x2 
 .text.TIM_OC1_SetConfig
                0x08006f28       0x78 build/drivers/third_party/ST/STM32L4xx_HAL_Driver/Src/stm32l4xx_hal_tim.o
 .text.TIM_OC3_SetConfig
                0x08006fa0       0x70 build/drivers/third_party/ST/STM32L4xx_HAL_Driver/Src/stm32l4xx_hal_tim.o
 .text.TIM_OC4_SetConfig
                0x08007010       0x58 build/drivers/third_party/ST/STM32L4xx_HAL_Driver/Src/stm32l4xx_hal_tim.o
 .text.TIM_OC5_SetConfig
                0x08007068       0x58 build/drivers/third_party/ST/STM32L4xx_HAL_Driver/Src/stm32l4xx_hal_tim.o
 .text.TIM_OC6_SetConfig
                0x080070c0       0x58 build/drivers/third_party/ST/STM32L4xx_HAL_Driver/Src/stm32l4xx_hal_tim.o
 .text.HAL_TIM_PWM_MspInit
                0x08007118        0x2 build/drivers/third_party/ST/STM32L4xx_HAL_Driver/Src/stm32l4xx_hal_tim.o
                0x08007118                HAL_TIM_PWM_MspInit
 *fill*         0x0800711a        0x2 
 .text.TIM_Base_SetConfig
                0x0800711c       0x74 build/drivers/third_party/ST/STM32L4xx_HAL_Driver/Src/stm32l4xx_hal_tim.o
                0x0800711c                TIM_Base_SetConfig
 .text.HAL_TIM_Base_Init
                0x08007190       0x34 build/drivers/third_party/ST/STM32L4xx_HAL_Driver/Src/stm32l4xx_hal_tim.o
                0x08007190                HAL_TIM_Base_Init
 .text.HAL_TIM_PWM_Init
                0x080071c4       0x34 build/drivers/third_party/ST/STM32L4xx_HAL_Driver/Src/stm32l4xx_hal_tim.o
                0x080071c4                HAL_TIM_PWM_Init
 .text.TIM_OC2_SetConfig
                0x080071f8       0x70 build/drivers/third_party/ST/STM32L4xx_HAL_Driver/Src/stm32l4xx_hal_tim.o
                0x080071f8                TIM_OC2_SetConfig
 .text.HAL_TIM_PWM_ConfigChannel
                0x08007268      0x10c build/drivers/third_party/ST/STM32L4xx_HAL_Driver/Src/stm32l4xx_hal_tim.o
                0x08007268                HAL_TIM_PWM_ConfigChannel
 .text.TIM_CCxChannelCmd
                0x08007374       0x18 build/drivers/third_party/ST/STM32L4xx_HAL_Driver/Src/stm32l4xx_hal_tim.o
                0x08007374                TIM_CCxChannelCmd
 .text.HAL_TIM_OC_Start
                0x0800738c       0x3c build/drivers/third_party/ST/STM32L4xx_HAL_Driver/Src/stm32l4xx_hal_tim.o
                0x0800738c                HAL_TIM_OC_Start
 .text.HAL_TIM_PWM_Start
                0x080073c8        0x4 build/drivers/third_party/ST/STM32L4xx_HAL_Driver/Src/stm32l4xx_hal_tim.o
                0x080073c8                HAL_TIM_PWM_Start
 .text.SPI_WaitFlagStateUntilTimeout.part.0
                0x080073cc       0x50 build/drivers/third_party/ST/STM32L4xx_HAL_Driver/Src/stm32l4xx_hal_spi.o
 .text.SPI_WaitFlagStateUntilTimeout.constprop.9
                0x0800741c       0x30 build/drivers/third_party/ST/STM32L4xx_HAL_Driver/Src/stm32l4xx_hal_spi.o
 .text.SPI_WaitFifoStateUntilTimeout.constprop.10
                0x0800744c       0x46 build/drivers/third_party/ST/STM32L4xx_HAL_Driver/Src/stm32l4xx_hal_spi.o
 .text.SPI_EndRxTxTransaction
                0x08007492       0x44 build/drivers/third_party/ST/STM32L4xx_HAL_Driver/Src/stm32l4xx_hal_spi.o
 .text.HAL_SPI_Init
                0x080074d6       0xa2 build/drivers/third_party/ST/STM32L4xx_HAL_Driver/Src/stm32l4xx_hal_spi.o
                0x080074d6                HAL_SPI_Init
 .text.HAL_SPI_Transmit
                0x08007578      0x178 build/drivers/third_party/ST/STM32L4xx_HAL_Driver/Src/stm32l4xx_hal_spi.o
                0x08007578                HAL_SPI_Transmit
 .text.HAL_I2C_Init
                0x080076f0       0xa2 build/drivers/third_party/ST/STM32L4xx_HAL_Driver/Src/stm32l4xx_hal_i2c.o
                0x080076f0                HAL_I2C_Init
 .text.HAL_I2CEx_ConfigAnalogFilter
                0x08007792       0x4c build/drivers/third_party/ST/STM32L4xx_HAL_Driver/Src/stm32l4xx_hal_i2c_ex.o
                0x08007792                HAL_I2CEx_ConfigAnalogFilter
 .text.HAL_I2CEx_ConfigDigitalFilter
                0x080077de       0x4a build/drivers/third_party/ST/STM32L4xx_HAL_Driver/Src/stm32l4xx_hal_i2c_ex.o
                0x080077de                HAL_I2CEx_ConfigDigitalFilter
 .text.LL_ADC_SetChannelSamplingTime
                0x08007828       0x4e build/drivers/third_party/ST/STM32L4xx_HAL_Driver/Src/stm32l4xx_hal_adc.o
 *fill*         0x08007876        0x2 
 .text.HAL_ADC_Init
                0x08007878      0x19c build/drivers/third_party/ST/STM32L4xx_HAL_Driver/Src/stm32l4xx_hal_adc.o
                0x08007878                HAL_ADC_Init
 .text.HAL_ADC_ConvCpltCallback
                0x08007a14        0x2 build/drivers/third_party/ST/STM32L4xx_HAL_Driver/Src/stm32l4xx_hal_adc.o
                0x08007a14                HAL_ADC_ConvCpltCallback
 .text.HAL_ADC_ConvHalfCpltCallback
                0x08007a16        0x2 build/drivers/third_party/ST/STM32L4xx_HAL_Driver/Src/stm32l4xx_hal_adc.o
                0x08007a16                HAL_ADC_ConvHalfCpltCallback
 .text.ADC_DMAHalfConvCplt
                0x08007a18        0xa build/drivers/third_party/ST/STM32L4xx_HAL_Driver/Src/stm32l4xx_hal_adc.o
                0x08007a18                ADC_DMAHalfConvCplt
 .text.HAL_ADC_ErrorCallback
                0x08007a22        0x2 build/drivers/third_party/ST/STM32L4xx_HAL_Driver/Src/stm32l4xx_hal_adc.o
                0x08007a22                HAL_ADC_ErrorCallback
 .text.ADC_DMAConvCplt
                0x08007a24       0x68 build/drivers/third_party/ST/STM32L4xx_HAL_Driver/Src/stm32l4xx_hal_adc.o
                0x08007a24                ADC_DMAConvCplt
 .text.ADC_DMAError
                0x08007a8c       0x1a build/drivers/third_party/ST/STM32L4xx_HAL_Driver/Src/stm32l4xx_hal_adc.o
                0x08007a8c                ADC_DMAError
 *fill*         0x08007aa6        0x2 
 .text.HAL_ADC_ConfigChannel
                0x08007aa8      0x398 build/drivers/third_party/ST/STM32L4xx_HAL_Driver/Src/stm32l4xx_hal_adc.o
                0x08007aa8                HAL_ADC_ConfigChannel
 .text.ADC_Enable
                0x08007e40       0xb0 build/drivers/third_party/ST/STM32L4xx_HAL_Driver/Src/stm32l4xx_hal_adc.o
                0x08007e40                ADC_Enable
 .text.HAL_ADC_Start_DMA
                0x08007ef0       0xa8 build/drivers/third_party/ST/STM32L4xx_HAL_Driver/Src/stm32l4xx_hal_adc.o
                0x08007ef0                HAL_ADC_Start_DMA
 .text.HAL_DAC_Init
                0x08007f98       0x26 build/drivers/third_party/ST/STM32L4xx_HAL_Driver/Src/stm32l4xx_hal_dac.o
                0x08007f98                HAL_DAC_Init
 .text.HAL_DAC_ConfigChannel
                0x08007fbe      0x108 build/drivers/third_party/ST/STM32L4xx_HAL_Driver/Src/stm32l4xx_hal_dac.o
                0x08007fbe                HAL_DAC_ConfigChannel
 .text.QSPI_Config
                0x080080c6      0x168 build/drivers/third_party/ST/STM32L4xx_HAL_Driver/Src/stm32l4xx_hal_qspi.o
 .text.QSPI_WaitFlagStateUntilTimeout
                0x0800822e       0x4a build/drivers/third_party/ST/STM32L4xx_HAL_Driver/Src/stm32l4xx_hal_qspi.o
 .text.HAL_QSPI_Init
                0x08008278       0xb8 build/drivers/third_party/ST/STM32L4xx_HAL_Driver/Src/stm32l4xx_hal_qspi.o
                0x08008278                HAL_QSPI_Init
 .text.HAL_QSPI_Command
                0x08008330       0x88 build/drivers/third_party/ST/STM32L4xx_HAL_Driver/Src/stm32l4xx_hal_qspi.o
                0x08008330                HAL_QSPI_Command
 .text.HAL_QSPI_Transmit
                0x080083b8       0xb6 build/drivers/third_party/ST/STM32L4xx_HAL_Driver/Src/stm32l4xx_hal_qspi.o
                0x080083b8                HAL_QSPI_Transmit
 .text.HAL_QSPI_Receive
                0x0800846e       0xbe build/drivers/third_party/ST/STM32L4xx_HAL_Driver/Src/stm32l4xx_hal_qspi.o
                0x0800846e                HAL_QSPI_Receive
 .text.HAL_DMA_Init
                0x0800852c       0xd8 build/drivers/third_party/ST/STM32L4xx_HAL_Driver/Src/stm32l4xx_hal_dma.o
                0x0800852c                HAL_DMA_Init
 .text.HAL_DMA_Start_IT
                0x08008604       0x7c build/drivers/third_party/ST/STM32L4xx_HAL_Driver/Src/stm32l4xx_hal_dma.o
                0x08008604                HAL_DMA_Start_IT
 .text.HAL_DMA_Abort_IT
                0x08008680       0x48 build/drivers/third_party/ST/STM32L4xx_HAL_Driver/Src/stm32l4xx_hal_dma.o
                0x08008680                HAL_DMA_Abort_IT
 .text.HAL_DMA_IRQHandler
                0x080086c8       0x90 build/drivers/third_party/ST/STM32L4xx_HAL_Driver/Src/stm32l4xx_hal_dma.o
                0x080086c8                HAL_DMA_IRQHandler
 .text.QSPI_Send_CMD
                0x08008758       0x38 build/Hardware/Src/hal_qspi_flash.o
                0x08008758                QSPI_Send_CMD
 .text.prv_spi_flash_write_enable
                0x08008790       0x1c build/Hardware/Src/hal_qspi_flash.o
 .text.QSPI_Receive
                0x080087ac       0x24 build/Hardware/Src/hal_qspi_flash.o
                0x080087ac                QSPI_Receive
 .text.prv_spi_flash_wait_write_end
                0x080087d0       0x38 build/Hardware/Src/hal_qspi_flash.o
 .text.QSPI_Transmit
                0x08008808       0x24 build/Hardware/Src/hal_qspi_flash.o
                0x08008808                QSPI_Transmit
 .text.prv_spi_flash_write_page.part.0
                0x0800882c       0x3e build/Hardware/Src/hal_qspi_flash.o
 .text.prv_spi_flash_erase_sector
                0x0800886a       0x34 build/Hardware/Src/hal_qspi_flash.o
                0x0800886a                prv_spi_flash_erase_sector
 *fill*         0x0800889e        0x2 
 .text.hal_spi_flash_erase
                0x080088a0       0x44 build/Hardware/Src/hal_qspi_flash.o
                0x080088a0                hal_spi_flash_erase
 .text.hal_spi_flash_write
                0x080088e4       0xe8 build/Hardware/Src/hal_qspi_flash.o
                0x080088e4                hal_spi_flash_write
 .text.hal_spi_flash_erase_write
                0x080089cc       0x20 build/Hardware/Src/hal_qspi_flash.o
                0x080089cc                hal_spi_flash_erase_write
 .text.hal_spi_flash_read
                0x080089ec       0x54 build/Hardware/Src/hal_qspi_flash.o
                0x080089ec                hal_spi_flash_read
 .text.LCD_Write_Data
                0x08008a40       0x24 build/Hardware/LCD/lcd.o
 .text.LCD_Write_Cmd
                0x08008a64       0x24 build/Hardware/LCD/lcd.o
 .text.LCD_Write_HalfWord
                0x08008a88       0x28 build/Hardware/LCD/lcd.o
                0x08008a88                LCD_Write_HalfWord
 .text.LCD_Address_Set
                0x08008ab0       0x50 build/Hardware/LCD/lcd.o
                0x08008ab0                LCD_Address_Set
 .text.LCD_Clear
                0x08008b00       0x50 build/Hardware/LCD/lcd.o
                0x08008b00                LCD_Clear
 .text.LCD_Draw_ColorPoint
                0x08008b50       0x16 build/Hardware/LCD/lcd.o
                0x08008b50                LCD_Draw_ColorPoint
 *fill*         0x08008b66        0x2 
 .text.lcd_show_chinese
                0x08008b68       0xb4 build/Hardware/LCD/lcd.o
                0x08008b68                lcd_show_chinese
 .text.LCD_ShowChar
                0x08008c1c      0x150 build/Hardware/LCD/lcd.o
                0x08008c1c                LCD_ShowChar
 .text.LCD_ShowNum
                0x08008d6c       0x7c build/Hardware/LCD/lcd.o
                0x08008d6c                LCD_ShowNum
 .text.LCD_ShowString
                0x08008de8       0x50 build/Hardware/LCD/lcd.o
                0x08008de8                LCD_ShowString
 .text.LCD_Show_Image
                0x08008e38       0x6c build/Hardware/LCD/lcd.o
                0x08008e38                LCD_Show_Image
 .text.LCD_Init
                0x08008ea4      0x238 build/Hardware/LCD/lcd.o
                0x08008ea4                LCD_Init
 .text.HardWare_Init
                0x080090dc       0xd8 build/Src/main.o
                0x080090dc                HardWare_Init
 .text.startup.main
                0x080091b4       0x58 build/Src/main.o
                0x080091b4                main
 .text.SystemInit
                0x0800920c       0x4c build/Src/system_stm32l4xx.o
                0x0800920c                SystemInit
 .text.NMI_Handler
                0x08009258        0x2 build/Src/stm32l4xx_it.o
                0x08009258                NMI_Handler
 .text.HardFault_Handler
                0x0800925a        0x2 build/Src/stm32l4xx_it.o
                0x0800925a                HardFault_Handler
 .text.MemManage_Handler
                0x0800925c        0x2 build/Src/stm32l4xx_it.o
                0x0800925c                MemManage_Handler
 .text.BusFault_Handler
                0x0800925e        0x2 build/Src/stm32l4xx_it.o
                0x0800925e                BusFault_Handler
 .text.UsageFault_Handler
                0x08009260        0x2 build/Src/stm32l4xx_it.o
                0x08009260                UsageFault_Handler
 .text.SVC_Handler
                0x08009262        0x2 build/Src/stm32l4xx_it.o
                0x08009262                SVC_Handler
 .text.DMA1_Channel1_IRQHandler
                0x08009264        0xc build/Src/stm32l4xx_it.o
                0x08009264                DMA1_Channel1_IRQHandler
 .text.USART3_IRQHandler
                0x08009270        0xc build/Src/stm32l4xx_it.o
                0x08009270                USART3_IRQHandler
 .text.HAL_GetTick
                0x0800927c        0x8 build/Src/sys_init.o
                0x0800927c                HAL_GetTick
 .text._Error_Handler
                0x08009284        0x2 build/Src/sys_init.o
                0x08009284                _Error_Handler
 *fill*         0x08009286        0x2 
 .text.SystemClock_Config
                0x08009288       0x98 build/Src/sys_init.o
                0x08009288                SystemClock_Config
 .text.PeriphCommonClock_Config
                0x08009320       0x4c build/Src/sys_init.o
                0x08009320                PeriphCommonClock_Config
 .text.MX_USART1_UART_Init
                0x0800936c       0x44 build/Src/usart.o
                0x0800936c                MX_USART1_UART_Init
 .text.MX_USART2_UART_Init
                0x080093b0       0x44 build/Src/usart.o
                0x080093b0                MX_USART2_UART_Init
 .text.MX_USART3_UART_Init
                0x080093f4       0x44 build/Src/usart.o
                0x080093f4                MX_USART3_UART_Init
 .text.HAL_UART_MspInit
                0x08009438      0x25c build/Src/usart.o
                0x08009438                HAL_UART_MspInit
 .text.uart_debug_irq
                0x08009694       0x44 build/Src/uart_debug.o
 .text.shell_uart_init
                0x080096d8       0x7c build/Src/uart_debug.o
                0x080096d8                shell_uart_init
 .text._write   0x08009754       0x24 build/Src/uart_debug.o
                0x08009754                _write
 .text._read    0x08009778       0x3c build/Src/uart_debug.o
                0x08009778                _read
 .text.dwt_delay_init
                0x080097b4       0x28 build/Src/dwt.o
                0x080097b4                dwt_delay_init
 .text.delayus  0x080097dc       0x48 build/Src/dwt.o
                0x080097dc                delayus
 .text.delay10ms
                0x08009824       0x12 build/Src/dwt.o
                0x08009824                delay10ms
 *fill*         0x08009836        0x2 
 .text.MX_I2C1_Init
                0x08009838       0x68 build/Src/i2c.o
                0x08009838                MX_I2C1_Init
 .text.MX_I2C3_Init
                0x080098a0       0x68 build/Src/i2c.o
                0x080098a0                MX_I2C3_Init
 .text.HAL_I2C_MspInit
                0x08009908      0x120 build/Src/i2c.o
                0x08009908                HAL_I2C_MspInit
 .text.MX_SPI1_Init
                0x08009a28       0x50 build/Src/spi.o
                0x08009a28                MX_SPI1_Init
 .text.MX_SPI2_Init
                0x08009a78       0x58 build/Src/spi.o
                0x08009a78                MX_SPI2_Init
 .text.MX_SPI3_Init
                0x08009ad0       0x50 build/Src/spi.o
                0x08009ad0                MX_SPI3_Init
 .text.HAL_SPI_MspInit
                0x08009b20      0x170 build/Src/spi.o
                0x08009b20                HAL_SPI_MspInit
 .text.SPI2_WriteByte
                0x08009c90       0x10 build/Src/spi.o
                0x08009c90                SPI2_WriteByte
 .text.MX_GPIO_Init
                0x08009ca0      0x10c build/Src/gpio.o
                0x08009ca0                MX_GPIO_Init
 .text.MX_TIM16_Init
                0x08009dac       0xb4 build/Src/tim.o
                0x08009dac                MX_TIM16_Init
 .text.HAL_TIM_Base_MspInit
                0x08009e60       0x94 build/Src/tim.o
                0x08009e60                HAL_TIM_Base_MspInit
 .text.MX_ADC1_Init
                0x08009ef4       0x8c build/Src/adc.o
                0x08009ef4                MX_ADC1_Init
 .text.HAL_ADC_MspInit
                0x08009f80       0xb8 build/Src/adc.o
                0x08009f80                HAL_ADC_MspInit
 .text.MX_DAC1_Init
                0x0800a038       0x54 build/Src/dac.o
                0x0800a038                MX_DAC1_Init
 .text.HAL_DAC_MspInit
                0x0800a08c       0x5c build/Src/dac.o
                0x0800a08c                HAL_DAC_MspInit
 .text.MX_DMA_Init
                0x0800a0e8       0x50 build/Src/dma.o
                0x0800a0e8                MX_DMA_Init
 .text.MX_QUADSPI_Init
                0x0800a138       0x48 build/Src/quadspi.o
                0x0800a138                MX_QUADSPI_Init
 .text.HAL_QSPI_MspInit
                0x0800a180       0x6c build/Src/quadspi.o
                0x0800a180                HAL_QSPI_MspInit
 .text.uart_at_deinit
                0x0800a1ec       0x24 build/uart_at/uart_at.o
                0x0800a1ec                uart_at_deinit
 .text.atio_irq
                0x0800a210       0xb8 build/uart_at/uart_at.o
 .text.__at_write
                0x0800a2c8       0x34 build/uart_at/uart_at.o
 .text.__at_read
                0x0800a2fc       0x90 build/uart_at/uart_at.o
 .text.uart_at_init
                0x0800a38c       0xb8 build/uart_at/uart_at.o
                0x0800a38c                uart_at_init
 .text.BeepControl
                0x0800a444       0x50 build/Demos/oc_nb_lwm2m_smoke/oc_smoke_template.o
 .text.key_scan
                0x0800a494       0x8c build/Demos/oc_nb_lwm2m_smoke/oc_smoke_template.o
 .text.app_cmd_task_entry
                0x0800a520       0xd4 build/Demos/oc_nb_lwm2m_smoke/oc_smoke_template.o
 .text.app_msg_deal
                0x0800a5f4       0x40 build/Demos/oc_nb_lwm2m_smoke/oc_smoke_template.o
 .text.app_report_task_entry
                0x0800a634       0x94 build/Demos/oc_nb_lwm2m_smoke/oc_smoke_template.o
 .text.Information_show
                0x0800a6c8       0x84 build/Demos/oc_nb_lwm2m_smoke/oc_smoke_template.o
                0x0800a6c8                Information_show
 .text.app_collect_task_entry
                0x0800a74c      0x124 build/Demos/oc_nb_lwm2m_smoke/oc_smoke_template.o
 .text.standard_app_demo_main
                0x0800a870       0xc0 build/Demos/oc_nb_lwm2m_smoke/oc_smoke_template.o
                0x0800a870                standard_app_demo_main
 .text.E53_SF1_Init
                0x0800a930       0x98 build/Hardware/E53_SF1/E53_SF1.o
                0x0800a930                E53_SF1_Init
 .text.E53_SF1_Read_Data
                0x0800a9c8       0x9c build/Hardware/E53_SF1/E53_SF1.o
                0x0800a9c8                E53_SF1_Read_Data
 .text.E53_SF1_LED_Set
                0x0800aa64       0x10 build/Hardware/E53_SF1/E53_SF1.o
                0x0800aa64                E53_SF1_LED_Set
 .text.E53_SF1_Beep_Set
                0x0800aa74       0x14 build/Hardware/E53_SF1/E53_SF1.o
                0x0800aa74                E53_SF1_Beep_Set
 .text.__sflush_r
                0x0800aa88      0x10c c:/bearpi/developtools/gnu tools arm embedded/7 2018-q2-update/bin/../lib/gcc/arm-none-eabi/7.3.1/../../../../arm-none-eabi/lib/thumb/v7e-m/fpv4-sp/hard\libc_nano.a(lib_a-fflush.o)
                0x0800aa88                __sflush_r
 .text._fflush_r
                0x0800ab94       0x54 c:/bearpi/developtools/gnu tools arm embedded/7 2018-q2-update/bin/../lib/gcc/arm-none-eabi/7.3.1/../../../../arm-none-eabi/lib/thumb/v7e-m/fpv4-sp/hard\libc_nano.a(lib_a-fflush.o)
                0x0800ab94                _fflush_r
 .text.fflush   0x0800abe8       0x24 c:/bearpi/developtools/gnu tools arm embedded/7 2018-q2-update/bin/../lib/gcc/arm-none-eabi/7.3.1/../../../../arm-none-eabi/lib/thumb/v7e-m/fpv4-sp/hard\libc_nano.a(lib_a-fflush.o)
                0x0800abe8                fflush
 .text.std      0x0800ac0c       0x48 c:/bearpi/developtools/gnu tools arm embedded/7 2018-q2-update/bin/../lib/gcc/arm-none-eabi/7.3.1/../../../../arm-none-eabi/lib/thumb/v7e-m/fpv4-sp/hard\libc_nano.a(lib_a-findfp.o)
 .text._cleanup_r
                0x0800ac54        0xc c:/bearpi/developtools/gnu tools arm embedded/7 2018-q2-update/bin/../lib/gcc/arm-none-eabi/7.3.1/../../../../arm-none-eabi/lib/thumb/v7e-m/fpv4-sp/hard\libc_nano.a(lib_a-findfp.o)
                0x0800ac54                _cleanup_r
 .text.__sfmoreglue
                0x0800ac60       0x2c c:/bearpi/developtools/gnu tools arm embedded/7 2018-q2-update/bin/../lib/gcc/arm-none-eabi/7.3.1/../../../../arm-none-eabi/lib/thumb/v7e-m/fpv4-sp/hard\libc_nano.a(lib_a-findfp.o)
                0x0800ac60                __sfmoreglue
 .text.__sinit  0x0800ac8c       0x60 c:/bearpi/developtools/gnu tools arm embedded/7 2018-q2-update/bin/../lib/gcc/arm-none-eabi/7.3.1/../../../../arm-none-eabi/lib/thumb/v7e-m/fpv4-sp/hard\libc_nano.a(lib_a-findfp.o)
                0x0800ac8c                __sinit
 .text.__sfp    0x0800acec       0x78 c:/bearpi/developtools/gnu tools arm embedded/7 2018-q2-update/bin/../lib/gcc/arm-none-eabi/7.3.1/../../../../arm-none-eabi/lib/thumb/v7e-m/fpv4-sp/hard\libc_nano.a(lib_a-findfp.o)
                0x0800acec                __sfp
 .text._fwalk   0x0800ad64       0x38 c:/bearpi/developtools/gnu tools arm embedded/7 2018-q2-update/bin/../lib/gcc/arm-none-eabi/7.3.1/../../../../arm-none-eabi/lib/thumb/v7e-m/fpv4-sp/hard\libc_nano.a(lib_a-fwalk.o)
                0x0800ad64                _fwalk
 .text._fwalk_reent
                0x0800ad9c       0x3c c:/bearpi/developtools/gnu tools arm embedded/7 2018-q2-update/bin/../lib/gcc/arm-none-eabi/7.3.1/../../../../arm-none-eabi/lib/thumb/v7e-m/fpv4-sp/hard\libc_nano.a(lib_a-fwalk.o)
                0x0800ad9c                _fwalk_reent
 .text.getchar  0x0800add8       0x24 c:/bearpi/developtools/gnu tools arm embedded/7 2018-q2-update/bin/../lib/gcc/arm-none-eabi/7.3.1/../../../../arm-none-eabi/lib/thumb/v7e-m/fpv4-sp/hard\libc_nano.a(lib_a-getchar.o)
                0x0800add8                getchar
 .text.__libc_init_array
                0x0800adfc       0x48 c:/bearpi/developtools/gnu tools arm embedded/7 2018-q2-update/bin/../lib/gcc/arm-none-eabi/7.3.1/../../../../arm-none-eabi/lib/thumb/v7e-m/fpv4-sp/hard\libc_nano.a(lib_a-init.o)
                0x0800adfc                __libc_init_array
 .text.__locale_ctype_ptr_l
                0x0800ae44        0x6 c:/bearpi/developtools/gnu tools arm embedded/7 2018-q2-update/bin/../lib/gcc/arm-none-eabi/7.3.1/../../../../arm-none-eabi/lib/thumb/v7e-m/fpv4-sp/hard\libc_nano.a(lib_a-locale.o)
                0x0800ae44                __locale_ctype_ptr_l
 .text.__ascii_mbtowc
                0x0800ae4a       0x24 c:/bearpi/developtools/gnu tools arm embedded/7 2018-q2-update/bin/../lib/gcc/arm-none-eabi/7.3.1/../../../../arm-none-eabi/lib/thumb/v7e-m/fpv4-sp/hard\libc_nano.a(lib_a-mbtowc_r.o)
                0x0800ae4a                __ascii_mbtowc
 .text.memcmp   0x0800ae6e       0x1e c:/bearpi/developtools/gnu tools arm embedded/7 2018-q2-update/bin/../lib/gcc/arm-none-eabi/7.3.1/../../../../arm-none-eabi/lib/thumb/v7e-m/fpv4-sp/hard\libc_nano.a(lib_a-memcmp.o)
                0x0800ae6e                memcmp
 .text.memcpy   0x0800ae8c       0x16 c:/bearpi/developtools/gnu tools arm embedded/7 2018-q2-update/bin/../lib/gcc/arm-none-eabi/7.3.1/../../../../arm-none-eabi/lib/thumb/v7e-m/fpv4-sp/hard\libc_nano.a(lib_a-memcpy-stub.o)
                0x0800ae8c                memcpy
 .text.memset   0x0800aea2       0x10 c:/bearpi/developtools/gnu tools arm embedded/7 2018-q2-update/bin/../lib/gcc/arm-none-eabi/7.3.1/../../../../arm-none-eabi/lib/thumb/v7e-m/fpv4-sp/hard\libc_nano.a(lib_a-memset.o)
                0x0800aea2                memset
 .text.__cvt    0x0800aeb2       0xc2 c:/bearpi/developtools/gnu tools arm embedded/7 2018-q2-update/bin/../lib/gcc/arm-none-eabi/7.3.1/../../../../arm-none-eabi/lib/thumb/v7e-m/fpv4-sp/hard\libc_nano.a(lib_a-nano-vfprintf_float.o)
                0x0800aeb2                __cvt
 .text.__exponent
                0x0800af74       0x66 c:/bearpi/developtools/gnu tools arm embedded/7 2018-q2-update/bin/../lib/gcc/arm-none-eabi/7.3.1/../../../../arm-none-eabi/lib/thumb/v7e-m/fpv4-sp/hard\libc_nano.a(lib_a-nano-vfprintf_float.o)
                0x0800af74                __exponent
 *fill*         0x0800afda        0x2 
 .text._printf_float
                0x0800afdc      0x480 c:/bearpi/developtools/gnu tools arm embedded/7 2018-q2-update/bin/../lib/gcc/arm-none-eabi/7.3.1/../../../../arm-none-eabi/lib/thumb/v7e-m/fpv4-sp/hard\libc_nano.a(lib_a-nano-vfprintf_float.o)
                0x0800afdc                _printf_float
 .text._printf_common
                0x0800b45c       0xea c:/bearpi/developtools/gnu tools arm embedded/7 2018-q2-update/bin/../lib/gcc/arm-none-eabi/7.3.1/../../../../arm-none-eabi/lib/thumb/v7e-m/fpv4-sp/hard\libc_nano.a(lib_a-nano-vfprintf_i.o)
                0x0800b45c                _printf_common
 *fill*         0x0800b546        0x2 
 .text._printf_i
                0x0800b548      0x224 c:/bearpi/developtools/gnu tools arm embedded/7 2018-q2-update/bin/../lib/gcc/arm-none-eabi/7.3.1/../../../../arm-none-eabi/lib/thumb/v7e-m/fpv4-sp/hard\libc_nano.a(lib_a-nano-vfprintf_i.o)
                0x0800b548                _printf_i
 .text.printf   0x0800b76c       0x30 c:/bearpi/developtools/gnu tools arm embedded/7 2018-q2-update/bin/../lib/gcc/arm-none-eabi/7.3.1/../../../../arm-none-eabi/lib/thumb/v7e-m/fpv4-sp/hard\libc_nano.a(lib_a-printf.o)
                0x0800b76c                iprintf
                0x0800b76c                printf
 .text.putchar  0x0800b79c       0x28 c:/bearpi/developtools/gnu tools arm embedded/7 2018-q2-update/bin/../lib/gcc/arm-none-eabi/7.3.1/../../../../arm-none-eabi/lib/thumb/v7e-m/fpv4-sp/hard\libc_nano.a(lib_a-putchar.o)
                0x0800b79c                putchar
 .text._puts_r  0x0800b7c4       0xb8 c:/bearpi/developtools/gnu tools arm embedded/7 2018-q2-update/bin/../lib/gcc/arm-none-eabi/7.3.1/../../../../arm-none-eabi/lib/thumb/v7e-m/fpv4-sp/hard\libc_nano.a(lib_a-puts.o)
                0x0800b7c4                _puts_r
 .text.puts     0x0800b87c       0x10 c:/bearpi/developtools/gnu tools arm embedded/7 2018-q2-update/bin/../lib/gcc/arm-none-eabi/7.3.1/../../../../arm-none-eabi/lib/thumb/v7e-m/fpv4-sp/hard\libc_nano.a(lib_a-puts.o)
                0x0800b87c                puts
 .text.snprintf
                0x0800b88c       0x68 c:/bearpi/developtools/gnu tools arm embedded/7 2018-q2-update/bin/../lib/gcc/arm-none-eabi/7.3.1/../../../../arm-none-eabi/lib/thumb/v7e-m/fpv4-sp/hard\libc_nano.a(lib_a-snprintf.o)
                0x0800b88c                sniprintf
                0x0800b88c                snprintf
 .text.sprintf  0x0800b8f4       0x40 c:/bearpi/developtools/gnu tools arm embedded/7 2018-q2-update/bin/../lib/gcc/arm-none-eabi/7.3.1/../../../../arm-none-eabi/lib/thumb/v7e-m/fpv4-sp/hard\libc_nano.a(lib_a-sprintf.o)
                0x0800b8f4                siprintf
                0x0800b8f4                sprintf
 .text.__sread  0x0800b934       0x22 c:/bearpi/developtools/gnu tools arm embedded/7 2018-q2-update/bin/../lib/gcc/arm-none-eabi/7.3.1/../../../../arm-none-eabi/lib/thumb/v7e-m/fpv4-sp/hard\libc_nano.a(lib_a-stdio.o)
                0x0800b934                __sread
 .text.__swrite
                0x0800b956       0x38 c:/bearpi/developtools/gnu tools arm embedded/7 2018-q2-update/bin/../lib/gcc/arm-none-eabi/7.3.1/../../../../arm-none-eabi/lib/thumb/v7e-m/fpv4-sp/hard\libc_nano.a(lib_a-stdio.o)
                0x0800b956                __swrite
 .text.__sseek  0x0800b98e       0x24 c:/bearpi/developtools/gnu tools arm embedded/7 2018-q2-update/bin/../lib/gcc/arm-none-eabi/7.3.1/../../../../arm-none-eabi/lib/thumb/v7e-m/fpv4-sp/hard\libc_nano.a(lib_a-stdio.o)
                0x0800b98e                __sseek
 .text.__sclose
                0x0800b9b2        0x8 c:/bearpi/developtools/gnu tools arm embedded/7 2018-q2-update/bin/../lib/gcc/arm-none-eabi/7.3.1/../../../../arm-none-eabi/lib/thumb/v7e-m/fpv4-sp/hard\libc_nano.a(lib_a-stdio.o)
                0x0800b9b2                __sclose
 .text.strchr   0x0800b9ba       0x1a c:/bearpi/developtools/gnu tools arm embedded/7 2018-q2-update/bin/../lib/gcc/arm-none-eabi/7.3.1/../../../../arm-none-eabi/lib/thumb/v7e-m/fpv4-sp/hard\libc_nano.a(lib_a-strchr.o)
                0x0800b9ba                strchr
 .text.strcpy   0x0800b9d4       0x10 c:/bearpi/developtools/gnu tools arm embedded/7 2018-q2-update/bin/../lib/gcc/arm-none-eabi/7.3.1/../../../../arm-none-eabi/lib/thumb/v7e-m/fpv4-sp/hard\libc_nano.a(lib_a-strcpy.o)
                0x0800b9d4                strcpy
 .text.strncmp  0x0800b9e4       0x24 c:/bearpi/developtools/gnu tools arm embedded/7 2018-q2-update/bin/../lib/gcc/arm-none-eabi/7.3.1/../../../../arm-none-eabi/lib/thumb/v7e-m/fpv4-sp/hard\libc_nano.a(lib_a-strncmp.o)
                0x0800b9e4                strncmp
 .text.strncpy  0x0800ba08       0x2a c:/bearpi/developtools/gnu tools arm embedded/7 2018-q2-update/bin/../lib/gcc/arm-none-eabi/7.3.1/../../../../arm-none-eabi/lib/thumb/v7e-m/fpv4-sp/hard\libc_nano.a(lib_a-strncpy.o)
                0x0800ba08                strncpy
 .text.strstr   0x0800ba32       0x34 c:/bearpi/developtools/gnu tools arm embedded/7 2018-q2-update/bin/../lib/gcc/arm-none-eabi/7.3.1/../../../../arm-none-eabi/lib/thumb/v7e-m/fpv4-sp/hard\libc_nano.a(lib_a-strstr.o)
                0x0800ba32                strstr
 .text._strtol_l.isra.0
                0x0800ba66       0xf6 c:/bearpi/developtools/gnu tools arm embedded/7 2018-q2-update/bin/../lib/gcc/arm-none-eabi/7.3.1/../../../../arm-none-eabi/lib/thumb/v7e-m/fpv4-sp/hard\libc_nano.a(lib_a-strtol.o)
 .text.strtol   0x0800bb5c       0x2c c:/bearpi/developtools/gnu tools arm embedded/7 2018-q2-update/bin/../lib/gcc/arm-none-eabi/7.3.1/../../../../arm-none-eabi/lib/thumb/v7e-m/fpv4-sp/hard\libc_nano.a(lib_a-strtol.o)
                0x0800bb5c                strtol
 .text.__swbuf_r
                0x0800bb88       0xa4 c:/bearpi/developtools/gnu tools arm embedded/7 2018-q2-update/bin/../lib/gcc/arm-none-eabi/7.3.1/../../../../arm-none-eabi/lib/thumb/v7e-m/fpv4-sp/hard\libc_nano.a(lib_a-wbuf.o)
                0x0800bb88                __swbuf_r
 .text.__ascii_wctomb
                0x0800bc2c       0x1a c:/bearpi/developtools/gnu tools arm embedded/7 2018-q2-update/bin/../lib/gcc/arm-none-eabi/7.3.1/../../../../arm-none-eabi/lib/thumb/v7e-m/fpv4-sp/hard\libc_nano.a(lib_a-wctomb_r.o)
                0x0800bc2c                __ascii_wctomb
 *fill*         0x0800bc46        0x2 
 .text._write_r
                0x0800bc48       0x24 c:/bearpi/developtools/gnu tools arm embedded/7 2018-q2-update/bin/../lib/gcc/arm-none-eabi/7.3.1/../../../../arm-none-eabi/lib/thumb/v7e-m/fpv4-sp/hard\libc_nano.a(lib_a-writer.o)
                0x0800bc48                _write_r
 .text.__swsetup_r
                0x0800bc6c       0xdc c:/bearpi/developtools/gnu tools arm embedded/7 2018-q2-update/bin/../lib/gcc/arm-none-eabi/7.3.1/../../../../arm-none-eabi/lib/thumb/v7e-m/fpv4-sp/hard\libc_nano.a(lib_a-wsetup.o)
                0x0800bc6c                __swsetup_r
 .text._close_r
                0x0800bd48       0x20 c:/bearpi/developtools/gnu tools arm embedded/7 2018-q2-update/bin/../lib/gcc/arm-none-eabi/7.3.1/../../../../arm-none-eabi/lib/thumb/v7e-m/fpv4-sp/hard\libc_nano.a(lib_a-closer.o)
                0x0800bd48                _close_r
 .text.quorem   0x0800bd68      0x118 c:/bearpi/developtools/gnu tools arm embedded/7 2018-q2-update/bin/../lib/gcc/arm-none-eabi/7.3.1/../../../../arm-none-eabi/lib/thumb/v7e-m/fpv4-sp/hard\libc_nano.a(lib_a-dtoa.o)
 .text._dtoa_r  0x0800be80      0xb70 c:/bearpi/developtools/gnu tools arm embedded/7 2018-q2-update/bin/../lib/gcc/arm-none-eabi/7.3.1/../../../../arm-none-eabi/lib/thumb/v7e-m/fpv4-sp/hard\libc_nano.a(lib_a-dtoa.o)
                0x0800be80                _dtoa_r
 .text._getc_r  0x0800c9f0       0x58 c:/bearpi/developtools/gnu tools arm embedded/7 2018-q2-update/bin/../lib/gcc/arm-none-eabi/7.3.1/../../../../arm-none-eabi/lib/thumb/v7e-m/fpv4-sp/hard\libc_nano.a(lib_a-getc.o)
                0x0800c9f0                _getc_r
 .text._localeconv_r
                0x0800ca48       0x1c c:/bearpi/developtools/gnu tools arm embedded/7 2018-q2-update/bin/../lib/gcc/arm-none-eabi/7.3.1/../../../../arm-none-eabi/lib/thumb/v7e-m/fpv4-sp/hard\libc_nano.a(lib_a-localeconv.o)
                0x0800ca48                _localeconv_r
 .text._lseek_r
                0x0800ca64       0x24 c:/bearpi/developtools/gnu tools arm embedded/7 2018-q2-update/bin/../lib/gcc/arm-none-eabi/7.3.1/../../../../arm-none-eabi/lib/thumb/v7e-m/fpv4-sp/hard\libc_nano.a(lib_a-lseekr.o)
                0x0800ca64                _lseek_r
 .text.__swhatbuf_r
                0x0800ca88       0x48 c:/bearpi/developtools/gnu tools arm embedded/7 2018-q2-update/bin/../lib/gcc/arm-none-eabi/7.3.1/../../../../arm-none-eabi/lib/thumb/v7e-m/fpv4-sp/hard\libc_nano.a(lib_a-makebuf.o)
                0x0800ca88                __swhatbuf_r
 .text.__smakebuf_r
                0x0800cad0       0x80 c:/bearpi/developtools/gnu tools arm embedded/7 2018-q2-update/bin/../lib/gcc/arm-none-eabi/7.3.1/../../../../arm-none-eabi/lib/thumb/v7e-m/fpv4-sp/hard\libc_nano.a(lib_a-makebuf.o)
                0x0800cad0                __smakebuf_r
 .text._Balloc  0x0800cb50       0x68 c:/bearpi/developtools/gnu tools arm embedded/7 2018-q2-update/bin/../lib/gcc/arm-none-eabi/7.3.1/../../../../arm-none-eabi/lib/thumb/v7e-m/fpv4-sp/hard\libc_nano.a(lib_a-mprec.o)
                0x0800cb50                _Balloc
 .text._Bfree   0x0800cbb8       0x2e c:/bearpi/developtools/gnu tools arm embedded/7 2018-q2-update/bin/../lib/gcc/arm-none-eabi/7.3.1/../../../../arm-none-eabi/lib/thumb/v7e-m/fpv4-sp/hard\libc_nano.a(lib_a-mprec.o)
                0x0800cbb8                _Bfree
 .text.__multadd
                0x0800cbe6       0x76 c:/bearpi/developtools/gnu tools arm embedded/7 2018-q2-update/bin/../lib/gcc/arm-none-eabi/7.3.1/../../../../arm-none-eabi/lib/thumb/v7e-m/fpv4-sp/hard\libc_nano.a(lib_a-mprec.o)
                0x0800cbe6                __multadd
 .text.__hi0bits
                0x0800cc5c       0x3e c:/bearpi/developtools/gnu tools arm embedded/7 2018-q2-update/bin/../lib/gcc/arm-none-eabi/7.3.1/../../../../arm-none-eabi/lib/thumb/v7e-m/fpv4-sp/hard\libc_nano.a(lib_a-mprec.o)
                0x0800cc5c                __hi0bits
 .text.__lo0bits
                0x0800cc9a       0x5e c:/bearpi/developtools/gnu tools arm embedded/7 2018-q2-update/bin/../lib/gcc/arm-none-eabi/7.3.1/../../../../arm-none-eabi/lib/thumb/v7e-m/fpv4-sp/hard\libc_nano.a(lib_a-mprec.o)
                0x0800cc9a                __lo0bits
 .text.__i2b    0x0800ccf8       0x12 c:/bearpi/developtools/gnu tools arm embedded/7 2018-q2-update/bin/../lib/gcc/arm-none-eabi/7.3.1/../../../../arm-none-eabi/lib/thumb/v7e-m/fpv4-sp/hard\libc_nano.a(lib_a-mprec.o)
                0x0800ccf8                __i2b
 .text.__multiply
                0x0800cd0a      0x12c c:/bearpi/developtools/gnu tools arm embedded/7 2018-q2-update/bin/../lib/gcc/arm-none-eabi/7.3.1/../../../../arm-none-eabi/lib/thumb/v7e-m/fpv4-sp/hard\libc_nano.a(lib_a-mprec.o)
                0x0800cd0a                __multiply
 *fill*         0x0800ce36        0x2 
 .text.__pow5mult
                0x0800ce38       0x9c c:/bearpi/developtools/gnu tools arm embedded/7 2018-q2-update/bin/../lib/gcc/arm-none-eabi/7.3.1/../../../../arm-none-eabi/lib/thumb/v7e-m/fpv4-sp/hard\libc_nano.a(lib_a-mprec.o)
                0x0800ce38                __pow5mult
 .text.__lshift
                0x0800ced4       0xa8 c:/bearpi/developtools/gnu tools arm embedded/7 2018-q2-update/bin/../lib/gcc/arm-none-eabi/7.3.1/../../../../arm-none-eabi/lib/thumb/v7e-m/fpv4-sp/hard\libc_nano.a(lib_a-mprec.o)
                0x0800ced4                __lshift
 .text.__mcmp   0x0800cf7c       0x34 c:/bearpi/developtools/gnu tools arm embedded/7 2018-q2-update/bin/../lib/gcc/arm-none-eabi/7.3.1/../../../../arm-none-eabi/lib/thumb/v7e-m/fpv4-sp/hard\libc_nano.a(lib_a-mprec.o)
                0x0800cf7c                __mcmp
 .text.__mdiff  0x0800cfb0       0xba c:/bearpi/developtools/gnu tools arm embedded/7 2018-q2-update/bin/../lib/gcc/arm-none-eabi/7.3.1/../../../../arm-none-eabi/lib/thumb/v7e-m/fpv4-sp/hard\libc_nano.a(lib_a-mprec.o)
                0x0800cfb0                __mdiff
 .text.__d2b    0x0800d06a       0x9e c:/bearpi/developtools/gnu tools arm embedded/7 2018-q2-update/bin/../lib/gcc/arm-none-eabi/7.3.1/../../../../arm-none-eabi/lib/thumb/v7e-m/fpv4-sp/hard\libc_nano.a(lib_a-mprec.o)
                0x0800d06a                __d2b
 .text.__ssputs_r
                0x0800d108       0xb4 c:/bearpi/developtools/gnu tools arm embedded/7 2018-q2-update/bin/../lib/gcc/arm-none-eabi/7.3.1/../../../../arm-none-eabi/lib/thumb/v7e-m/fpv4-sp/hard\libc_nano.a(lib_a-nano-svfprintf.o)
                0x0800d108                __ssputs_r
 .text._svfprintf_r
                0x0800d1bc      0x1f0 c:/bearpi/developtools/gnu tools arm embedded/7 2018-q2-update/bin/../lib/gcc/arm-none-eabi/7.3.1/../../../../arm-none-eabi/lib/thumb/v7e-m/fpv4-sp/hard\libc_nano.a(lib_a-nano-svfprintf.o)
                0x0800d1bc                _svfiprintf_r
                0x0800d1bc                _svfprintf_r
 .text.__sfputc_r
                0x0800d3ac       0x2e c:/bearpi/developtools/gnu tools arm embedded/7 2018-q2-update/bin/../lib/gcc/arm-none-eabi/7.3.1/../../../../arm-none-eabi/lib/thumb/v7e-m/fpv4-sp/hard\libc_nano.a(lib_a-nano-vfprintf.o)
 .text.__sfputs_r
                0x0800d3da       0x24 c:/bearpi/developtools/gnu tools arm embedded/7 2018-q2-update/bin/../lib/gcc/arm-none-eabi/7.3.1/../../../../arm-none-eabi/lib/thumb/v7e-m/fpv4-sp/hard\libc_nano.a(lib_a-nano-vfprintf.o)
                0x0800d3da                __sfputs_r
 *fill*         0x0800d3fe        0x2 
 .text._vfprintf_r
                0x0800d400      0x22c c:/bearpi/developtools/gnu tools arm embedded/7 2018-q2-update/bin/../lib/gcc/arm-none-eabi/7.3.1/../../../../arm-none-eabi/lib/thumb/v7e-m/fpv4-sp/hard\libc_nano.a(lib_a-nano-vfprintf.o)
                0x0800d400                _vfprintf_r
                0x0800d400                _vfiprintf_r
 .text._putc_r  0x0800d62c       0x6c c:/bearpi/developtools/gnu tools arm embedded/7 2018-q2-update/bin/../lib/gcc/arm-none-eabi/7.3.1/../../../../arm-none-eabi/lib/thumb/v7e-m/fpv4-sp/hard\libc_nano.a(lib_a-putc.o)
                0x0800d62c                _putc_r
 .text._read_r  0x0800d698       0x24 c:/bearpi/developtools/gnu tools arm embedded/7 2018-q2-update/bin/../lib/gcc/arm-none-eabi/7.3.1/../../../../arm-none-eabi/lib/thumb/v7e-m/fpv4-sp/hard\libc_nano.a(lib_a-readr.o)
                0x0800d698                _read_r
 .text.__srget_r
                0x0800d6bc       0x58 c:/bearpi/developtools/gnu tools arm embedded/7 2018-q2-update/bin/../lib/gcc/arm-none-eabi/7.3.1/../../../../arm-none-eabi/lib/thumb/v7e-m/fpv4-sp/hard\libc_nano.a(lib_a-rget.o)
                0x0800d6bc                __srget_r
 .text._fstat_r
                0x0800d714       0x24 c:/bearpi/developtools/gnu tools arm embedded/7 2018-q2-update/bin/../lib/gcc/arm-none-eabi/7.3.1/../../../../arm-none-eabi/lib/thumb/v7e-m/fpv4-sp/hard\libc_nano.a(lib_a-fstatr.o)
                0x0800d714                _fstat_r
 .text._isatty_r
                0x0800d738       0x20 c:/bearpi/developtools/gnu tools arm embedded/7 2018-q2-update/bin/../lib/gcc/arm-none-eabi/7.3.1/../../../../arm-none-eabi/lib/thumb/v7e-m/fpv4-sp/hard\libc_nano.a(lib_a-isattyr.o)
                0x0800d738                _isatty_r
 .text.memmove  0x0800d758       0x32 c:/bearpi/developtools/gnu tools arm embedded/7 2018-q2-update/bin/../lib/gcc/arm-none-eabi/7.3.1/../../../../arm-none-eabi/lib/thumb/v7e-m/fpv4-sp/hard\libc_nano.a(lib_a-memmove.o)
                0x0800d758                memmove
 .text.lflush   0x0800d78a       0x12 c:/bearpi/developtools/gnu tools arm embedded/7 2018-q2-update/bin/../lib/gcc/arm-none-eabi/7.3.1/../../../../arm-none-eabi/lib/thumb/v7e-m/fpv4-sp/hard\libc_nano.a(lib_a-refill.o)
 .text.__srefill_r
                0x0800d79c      0x118 c:/bearpi/developtools/gnu tools arm embedded/7 2018-q2-update/bin/../lib/gcc/arm-none-eabi/7.3.1/../../../../arm-none-eabi/lib/thumb/v7e-m/fpv4-sp/hard\libc_nano.a(lib_a-refill.o)
                0x0800d79c                __srefill_r
 *fill*         0x0800d8b4        0x4 
 .text.pow      0x0800d8b8      0x338 c:/bearpi/developtools/gnu tools arm embedded/7 2018-q2-update/bin/../lib/gcc/arm-none-eabi/7.3.1/../../../../arm-none-eabi/lib/thumb/v7e-m/fpv4-sp/hard\libm.a(lib_a-w_pow.o)
                0x0800d8b8                pow
 .text.__ieee754_pow
                0x0800dbf0      0xab8 c:/bearpi/developtools/gnu tools arm embedded/7 2018-q2-update/bin/../lib/gcc/arm-none-eabi/7.3.1/../../../../arm-none-eabi/lib/thumb/v7e-m/fpv4-sp/hard\libm.a(lib_a-e_pow.o)
                0x0800dbf0                __ieee754_pow
 .text.__ieee754_sqrt
                0x0800e6a8      0x194 c:/bearpi/developtools/gnu tools arm embedded/7 2018-q2-update/bin/../lib/gcc/arm-none-eabi/7.3.1/../../../../arm-none-eabi/lib/thumb/v7e-m/fpv4-sp/hard\libm.a(lib_a-e_sqrt.o)
                0x0800e6a8                __ieee754_sqrt
 .text.fabs     0x0800e83c       0x14 c:/bearpi/developtools/gnu tools arm embedded/7 2018-q2-update/bin/../lib/gcc/arm-none-eabi/7.3.1/../../../../arm-none-eabi/lib/thumb/v7e-m/fpv4-sp/hard\libm.a(lib_a-s_fabs.o)
                0x0800e83c                fabs
 .text.finite   0x0800e850       0x10 c:/bearpi/developtools/gnu tools arm embedded/7 2018-q2-update/bin/../lib/gcc/arm-none-eabi/7.3.1/../../../../arm-none-eabi/lib/thumb/v7e-m/fpv4-sp/hard\libm.a(lib_a-s_finite.o)
                0x0800e850                finite
 .text.matherr  0x0800e860        0x4 c:/bearpi/developtools/gnu tools arm embedded/7 2018-q2-update/bin/../lib/gcc/arm-none-eabi/7.3.1/../../../../arm-none-eabi/lib/thumb/v7e-m/fpv4-sp/hard\libm.a(lib_a-s_matherr.o)
                0x0800e860                matherr
 *fill*         0x0800e864        0x4 
 .text.nan      0x0800e868       0x10 c:/bearpi/developtools/gnu tools arm embedded/7 2018-q2-update/bin/../lib/gcc/arm-none-eabi/7.3.1/../../../../arm-none-eabi/lib/thumb/v7e-m/fpv4-sp/hard\libm.a(lib_a-s_nan.o)
                0x0800e868                nan